Archive member included to satisfy reference by file (symbol)

c:/st/stm32cubeide_1.6.1/stm32cubeide/plugins/com.st.stm32cube.ide.mcu.externaltools.gnu-tools-for-stm32.10.3-2021.10.win32_1.0.200.202301161003/tools/bin/../lib/gcc/arm-none-eabi/10.3.1/../../../../arm-none-eabi/lib/thumb/v7-m/nofp\libc_nano.a(lib_a-errno.o)
                              ./Core/Src/syscalls.o (__errno)
c:/st/stm32cubeide_1.6.1/stm32cubeide/plugins/com.st.stm32cube.ide.mcu.externaltools.gnu-tools-for-stm32.10.3-2021.10.win32_1.0.200.202301161003/tools/bin/../lib/gcc/arm-none-eabi/10.3.1/../../../../arm-none-eabi/lib/thumb/v7-m/nofp\libc_nano.a(lib_a-exit.o)
                              c:/st/stm32cubeide_1.6.1/stm32cubeide/plugins/com.st.stm32cube.ide.mcu.externaltools.gnu-tools-for-stm32.10.3-2021.10.win32_1.0.200.202301161003/tools/bin/../lib/gcc/arm-none-eabi/10.3.1/../../../../arm-none-eabi/lib/thumb/v7-m/nofp/crt0.o (exit)
c:/st/stm32cubeide_1.6.1/stm32cubeide/plugins/com.st.stm32cube.ide.mcu.externaltools.gnu-tools-for-stm32.10.3-2021.10.win32_1.0.200.202301161003/tools/bin/../lib/gcc/arm-none-eabi/10.3.1/../../../../arm-none-eabi/lib/thumb/v7-m/nofp\libc_nano.a(lib_a-impure.o)
                              c:/st/stm32cubeide_1.6.1/stm32cubeide/plugins/com.st.stm32cube.ide.mcu.externaltools.gnu-tools-for-stm32.10.3-2021.10.win32_1.0.200.202301161003/tools/bin/../lib/gcc/arm-none-eabi/10.3.1/../../../../arm-none-eabi/lib/thumb/v7-m/nofp\libc_nano.a(lib_a-exit.o) (_global_impure_ptr)
c:/st/stm32cubeide_1.6.1/stm32cubeide/plugins/com.st.stm32cube.ide.mcu.externaltools.gnu-tools-for-stm32.10.3-2021.10.win32_1.0.200.202301161003/tools/bin/../lib/gcc/arm-none-eabi/10.3.1/../../../../arm-none-eabi/lib/thumb/v7-m/nofp\libc_nano.a(lib_a-init.o)
                              c:/st/stm32cubeide_1.6.1/stm32cubeide/plugins/com.st.stm32cube.ide.mcu.externaltools.gnu-tools-for-stm32.10.3-2021.10.win32_1.0.200.202301161003/tools/bin/../lib/gcc/arm-none-eabi/10.3.1/../../../../arm-none-eabi/lib/thumb/v7-m/nofp/crt0.o (__libc_init_array)
c:/st/stm32cubeide_1.6.1/stm32cubeide/plugins/com.st.stm32cube.ide.mcu.externaltools.gnu-tools-for-stm32.10.3-2021.10.win32_1.0.200.202301161003/tools/bin/../lib/gcc/arm-none-eabi/10.3.1/../../../../arm-none-eabi/lib/thumb/v7-m/nofp\libc_nano.a(lib_a-memset.o)
                              c:/st/stm32cubeide_1.6.1/stm32cubeide/plugins/com.st.stm32cube.ide.mcu.externaltools.gnu-tools-for-stm32.10.3-2021.10.win32_1.0.200.202301161003/tools/bin/../lib/gcc/arm-none-eabi/10.3.1/../../../../arm-none-eabi/lib/thumb/v7-m/nofp/crt0.o (memset)
c:/st/stm32cubeide_1.6.1/stm32cubeide/plugins/com.st.stm32cube.ide.mcu.externaltools.gnu-tools-for-stm32.10.3-2021.10.win32_1.0.200.202301161003/tools/bin/../lib/gcc/arm-none-eabi/10.3.1/thumb/v7-m/nofp\libgcc.a(_arm_muldf3.o)
                              ./Core/Src/main.o (__aeabi_dmul)
c:/st/stm32cubeide_1.6.1/stm32cubeide/plugins/com.st.stm32cube.ide.mcu.externaltools.gnu-tools-for-stm32.10.3-2021.10.win32_1.0.200.202301161003/tools/bin/../lib/gcc/arm-none-eabi/10.3.1/thumb/v7-m/nofp\libgcc.a(_arm_addsubdf3.o)
                              ./Core/Src/main.o (__aeabi_ui2d)
c:/st/stm32cubeide_1.6.1/stm32cubeide/plugins/com.st.stm32cube.ide.mcu.externaltools.gnu-tools-for-stm32.10.3-2021.10.win32_1.0.200.202301161003/tools/bin/../lib/gcc/arm-none-eabi/10.3.1/thumb/v7-m/nofp\libgcc.a(_arm_fixunsdfsi.o)
                              ./Core/Src/main.o (__aeabi_d2uiz)
c:/st/stm32cubeide_1.6.1/stm32cubeide/plugins/com.st.stm32cube.ide.mcu.externaltools.gnu-tools-for-stm32.10.3-2021.10.win32_1.0.200.202301161003/tools/bin/../lib/gcc/arm-none-eabi/10.3.1/thumb/v7-m/nofp\libgcc.a(_aeabi_uldivmod.o)
                              ./Drivers/STM32L1xx_HAL_Driver/Src/stm32l1xx_hal_rcc.o (__aeabi_uldivmod)
c:/st/stm32cubeide_1.6.1/stm32cubeide/plugins/com.st.stm32cube.ide.mcu.externaltools.gnu-tools-for-stm32.10.3-2021.10.win32_1.0.200.202301161003/tools/bin/../lib/gcc/arm-none-eabi/10.3.1/thumb/v7-m/nofp\libgcc.a(_udivmoddi4.o)
                              c:/st/stm32cubeide_1.6.1/stm32cubeide/plugins/com.st.stm32cube.ide.mcu.externaltools.gnu-tools-for-stm32.10.3-2021.10.win32_1.0.200.202301161003/tools/bin/../lib/gcc/arm-none-eabi/10.3.1/thumb/v7-m/nofp\libgcc.a(_aeabi_uldivmod.o) (__udivmoddi4)
c:/st/stm32cubeide_1.6.1/stm32cubeide/plugins/com.st.stm32cube.ide.mcu.externaltools.gnu-tools-for-stm32.10.3-2021.10.win32_1.0.200.202301161003/tools/bin/../lib/gcc/arm-none-eabi/10.3.1/thumb/v7-m/nofp\libgcc.a(_dvmd_tls.o)
                              c:/st/stm32cubeide_1.6.1/stm32cubeide/plugins/com.st.stm32cube.ide.mcu.externaltools.gnu-tools-for-stm32.10.3-2021.10.win32_1.0.200.202301161003/tools/bin/../lib/gcc/arm-none-eabi/10.3.1/thumb/v7-m/nofp\libgcc.a(_aeabi_uldivmod.o) (__aeabi_ldiv0)

Discarded input sections

[...]
Memory Configuration

Name             Origin             Length             Attributes
RAM              0x0000000020000000 0x0000000000004000 xrw
FLASH            0x0000000008000000 0x0000000000008000 xr
*default*        0x0000000000000000 0xffffffffffffffff

Linker script and memory map

LOAD c:/st/stm32cubeide_1.6.1/stm32cubeide/plugins/com.st.stm32cube.ide.mcu.externaltools.gnu-tools-for-stm32.10.3-2021.10.win32_1.0.200.202301161003/tools/bin/../lib/gcc/arm-none-eabi/10.3.1/thumb/v7-m/nofp/crti.o
LOAD c:/st/stm32cubeide_1.6.1/stm32cubeide/plugins/com.st.stm32cube.ide.mcu.externaltools.gnu-tools-for-stm32.10.3-2021.10.win32_1.0.200.202301161003/tools/bin/../lib/gcc/arm-none-eabi/10.3.1/thumb/v7-m/nofp/crtbegin.o
LOAD c:/st/stm32cubeide_1.6.1/stm32cubeide/plugins/com.st.stm32cube.ide.mcu.externaltools.gnu-tools-for-stm32.10.3-2021.10.win32_1.0.200.202301161003/tools/bin/../lib/gcc/arm-none-eabi/10.3.1/../../../../arm-none-eabi/lib/thumb/v7-m/nofp/crt0.o
LOAD ./Core/Src/i2cslave.o
LOAD ./Core/Src/main.o
LOAD ./Core/Src/memory_control.o
LOAD ./Core/Src/stm32l1xx_hal_msp.o
LOAD ./Core/Src/stm32l1xx_it.o
LOAD ./Core/Src/syscalls.o
LOAD ./Core/Src/sysmem.o
LOAD ./Core/Src/system_stm32l1xx.o
LOAD ./Core/Startup/startup_stm32l151r6txa.o
LOAD ./Drivers/STM32L1xx_HAL_Driver/Src/stm32l1xx_hal.o
LOAD ./Drivers/STM32L1xx_HAL_Driver/Src/stm32l1xx_hal_adc.o
LOAD ./Drivers/STM32L1xx_HAL_Driver/Src/stm32l1xx_hal_adc_ex.o
LOAD ./Drivers/STM32L1xx_HAL_Driver/Src/stm32l1xx_hal_cortex.o
LOAD ./Drivers/STM32L1xx_HAL_Driver/Src/stm32l1xx_hal_dma.o
LOAD ./Drivers/STM32L1xx_HAL_Driver/Src/stm32l1xx_hal_exti.o
LOAD ./Drivers/STM32L1xx_HAL_Driver/Src/stm32l1xx_hal_flash.o
LOAD ./Drivers/STM32L1xx_HAL_Driver/Src/stm32l1xx_hal_flash_ex.o
LOAD ./Drivers/STM32L1xx_HAL_Driver/Src/stm32l1xx_hal_flash_ramfunc.o
LOAD ./Drivers/STM32L1xx_HAL_Driver/Src/stm32l1xx_hal_gpio.o
LOAD ./Drivers/STM32L1xx_HAL_Driver/Src/stm32l1xx_hal_i2c.o
LOAD ./Drivers/STM32L1xx_HAL_Driver/Src/stm32l1xx_hal_pwr.o
LOAD ./Drivers/STM32L1xx_HAL_Driver/Src/stm32l1xx_hal_pwr_ex.o
LOAD ./Drivers/STM32L1xx_HAL_Driver/Src/stm32l1xx_hal_rcc.o
LOAD ./Drivers/STM32L1xx_HAL_Driver/Src/stm32l1xx_hal_rcc_ex.o
LOAD ./Drivers/STM32L1xx_HAL_Driver/Src/stm32l1xx_hal_rtc.o
LOAD ./Drivers/STM32L1xx_HAL_Driver/Src/stm32l1xx_hal_rtc_ex.o
LOAD ./Drivers/STM32L1xx_HAL_Driver/Src/stm32l1xx_hal_tim.o
LOAD ./Drivers/STM32L1xx_HAL_Driver/Src/stm32l1xx_hal_tim_ex.o
LOAD ./Drivers/STM32L1xx_HAL_Driver/Src/stm32l1xx_hal_uart.o
START GROUP
LOAD c:/st/stm32cubeide_1.6.1/stm32cubeide/plugins/com.st.stm32cube.ide.mcu.externaltools.gnu-tools-for-stm32.10.3-2021.10.win32_1.0.200.202301161003/tools/bin/../lib/gcc/arm-none-eabi/10.3.1/../../../../arm-none-eabi/lib/thumb/v7-m/nofp\libstdc++_nano.a
LOAD c:/st/stm32cubeide_1.6.1/stm32cubeide/plugins/com.st.stm32cube.ide.mcu.externaltools.gnu-tools-for-stm32.10.3-2021.10.win32_1.0.200.202301161003/tools/bin/../lib/gcc/arm-none-eabi/10.3.1/../../../../arm-none-eabi/lib/thumb/v7-m/nofp\libsupc++_nano.a
END GROUP
LOAD c:/st/stm32cubeide_1.6.1/stm32cubeide/plugins/com.st.stm32cube.ide.mcu.externaltools.gnu-tools-for-stm32.10.3-2021.10.win32_1.0.200.202301161003/tools/bin/../lib/gcc/arm-none-eabi/10.3.1/../../../../arm-none-eabi/lib/thumb/v7-m/nofp\libstdc++_nano.a
LOAD c:/st/stm32cubeide_1.6.1/stm32cubeide/plugins/com.st.stm32cube.ide.mcu.externaltools.gnu-tools-for-stm32.10.3-2021.10.win32_1.0.200.202301161003/tools/bin/../lib/gcc/arm-none-eabi/10.3.1/../../../../arm-none-eabi/lib/thumb/v7-m/nofp\libm.a
LOAD c:/st/stm32cubeide_1.6.1/stm32cubeide/plugins/com.st.stm32cube.ide.mcu.externaltools.gnu-tools-for-stm32.10.3-2021.10.win32_1.0.200.202301161003/tools/bin/../lib/gcc/arm-none-eabi/10.3.1/../../../../arm-none-eabi/lib/thumb/v7-m/nofp\libc_nano.a
START GROUP
LOAD c:/st/stm32cubeide_1.6.1/stm32cubeide/plugins/com.st.stm32cube.ide.mcu.externaltools.gnu-tools-for-stm32.10.3-2021.10.win32_1.0.200.202301161003/tools/bin/../lib/gcc/arm-none-eabi/10.3.1/thumb/v7-m/nofp\libgcc.a
LOAD c:/st/stm32cubeide_1.6.1/stm32cubeide/plugins/com.st.stm32cube.ide.mcu.externaltools.gnu-tools-for-stm32.10.3-2021.10.win32_1.0.200.202301161003/tools/bin/../lib/gcc/arm-none-eabi/10.3.1/../../../../arm-none-eabi/lib/thumb/v7-m/nofp\libc_nano.a
END GROUP
START GROUP
LOAD c:/st/stm32cubeide_1.6.1/stm32cubeide/plugins/com.st.stm32cube.ide.mcu.externaltools.gnu-tools-for-stm32.10.3-2021.10.win32_1.0.200.202301161003/tools/bin/../lib/gcc/arm-none-eabi/10.3.1/thumb/v7-m/nofp\libgcc.a
LOAD c:/st/stm32cubeide_1.6.1/stm32cubeide/plugins/com.st.stm32cube.ide.mcu.externaltools.gnu-tools-for-stm32.10.3-2021.10.win32_1.0.200.202301161003/tools/bin/../lib/gcc/arm-none-eabi/10.3.1/../../../../arm-none-eabi/lib/thumb/v7-m/nofp\libc_nano.a
LOAD c:/st/stm32cubeide_1.6.1/stm32cubeide/plugins/com.st.stm32cube.ide.mcu.externaltools.gnu-tools-for-stm32.10.3-2021.10.win32_1.0.200.202301161003/tools/bin/../lib/gcc/arm-none-eabi/10.3.1/../../../../arm-none-eabi/lib/thumb/v7-m/nofp\libnosys.a
END GROUP
START GROUP
LOAD c:/st/stm32cubeide_1.6.1/stm32cubeide/plugins/com.st.stm32cube.ide.mcu.externaltools.gnu-tools-for-stm32.10.3-2021.10.win32_1.0.200.202301161003/tools/bin/../lib/gcc/arm-none-eabi/10.3.1/thumb/v7-m/nofp\libgcc.a
LOAD c:/st/stm32cubeide_1.6.1/stm32cubeide/plugins/com.st.stm32cube.ide.mcu.externaltools.gnu-tools-for-stm32.10.3-2021.10.win32_1.0.200.202301161003/tools/bin/../lib/gcc/arm-none-eabi/10.3.1/../../../../arm-none-eabi/lib/thumb/v7-m/nofp\libc_nano.a
LOAD c:/st/stm32cubeide_1.6.1/stm32cubeide/plugins/com.st.stm32cube.ide.mcu.externaltools.gnu-tools-for-stm32.10.3-2021.10.win32_1.0.200.202301161003/tools/bin/../lib/gcc/arm-none-eabi/10.3.1/../../../../arm-none-eabi/lib/thumb/v7-m/nofp\libnosys.a
END GROUP
LOAD c:/st/stm32cubeide_1.6.1/stm32cubeide/plugins/com.st.stm32cube.ide.mcu.externaltools.gnu-tools-for-stm32.10.3-2021.10.win32_1.0.200.202301161003/tools/bin/../lib/gcc/arm-none-eabi/10.3.1/thumb/v7-m/nofp/crtend.o
LOAD c:/st/stm32cubeide_1.6.1/stm32cubeide/plugins/com.st.stm32cube.ide.mcu.externaltools.gnu-tools-for-stm32.10.3-2021.10.win32_1.0.200.202301161003/tools/bin/../lib/gcc/arm-none-eabi/10.3.1/thumb/v7-m/nofp/crtn.o
                0x0000000020004000                _estack = (ORIGIN (RAM) + LENGTH (RAM))
                0x0000000000000200                _Min_Heap_Size = 0x200
                0x0000000000000400                _Min_Stack_Size = 0x400

.isr_vector     0x0000000008000000      0x13c
                0x0000000008000000                . = ALIGN (0x4)
 *(.isr_vector)
 .isr_vector    0x0000000008000000      0x13c ./Core/Startup/startup_stm32l151r6txa.o
                0x0000000008000000                g_pfnVectors
                0x000000000800013c                . = ALIGN (0x4)

.text           0x000000000800013c     0x5bfc
                0x000000000800013c                . = ALIGN (0x4)
 *(.text)
 .text          0x000000000800013c       0x40 c:/st/stm32cubeide_1.6.1/stm32cubeide/plugins/com.st.stm32cube.ide.mcu.externaltools.gnu-tools-for-stm32.10.3-2021.10.win32_1.0.200.202301161003/tools/bin/../lib/gcc/arm-none-eabi/10.3.1/thumb/v7-m/nofp/crtbegin.o
 .text          0x000000000800017c       0x30 c:/st/stm32cubeide_1.6.1/stm32cubeide/plugins/com.st.stm32cube.ide.mcu.externaltools.gnu-tools-for-stm32.10.3-2021.10.win32_1.0.200.202301161003/tools/bin/../lib/gcc/arm-none-eabi/10.3.1/thumb/v7-m/nofp\libgcc.a(_aeabi_uldivmod.o)
                0x000000000800017c                __aeabi_uldivmod
 .text          0x00000000080001ac      0x2d4 c:/st/stm32cubeide_1.6.1/stm32cubeide/plugins/com.st.stm32cube.ide.mcu.externaltools.gnu-tools-for-stm32.10.3-2021.10.win32_1.0.200.202301161003/tools/bin/../lib/gcc/arm-none-eabi/10.3.1/thumb/v7-m/nofp\libgcc.a(_udivmoddi4.o)
                0x00000000080001ac                __udivmoddi4
 .text          0x0000000008000480        0x4 c:/st/stm32cubeide_1.6.1/stm32cubeide/plugins/com.st.stm32cube.ide.mcu.externaltools.gnu-tools-for-stm32.10.3-2021.10.win32_1.0.200.202301161003/tools/bin/../lib/gcc/arm-none-eabi/10.3.1/thumb/v7-m/nofp\libgcc.a(_dvmd_tls.o)
                0x0000000008000480                __aeabi_idiv0
                0x0000000008000480                __aeabi_ldiv0
 *(.text*)
 .text._Z12process_datav
                0x0000000008000484       0x34 ./Core/Src/i2cslave.o
                0x0000000008000484                process_data()
 .text.HAL_I2C_ListenCpltCallback
                0x00000000080004b8       0x16 ./Core/Src/i2cslave.o
                0x00000000080004b8                HAL_I2C_ListenCpltCallback
 *fill*         0x00000000080004ce        0x2 
 .text.HAL_I2C_AddrCallback
                0x00000000080004d0       0x8c ./Core/Src/i2cslave.o
                0x00000000080004d0                HAL_I2C_AddrCallback
 .text.HAL_I2C_SlaveRxCpltCallback
                0x000000000800055c       0x6c ./Core/Src/i2cslave.o
                0x000000000800055c                HAL_I2C_SlaveRxCpltCallback
 .text.HAL_I2C_SlaveTxCpltCallback
                0x00000000080005c8       0x44 ./Core/Src/i2cslave.o
                0x00000000080005c8                HAL_I2C_SlaveTxCpltCallback
 .text.HAL_I2C_ErrorCallback
                0x000000000800060c       0xa0 ./Core/Src/i2cslave.o
                0x000000000800060c                HAL_I2C_ErrorCallback
 .text.main     0x00000000080006ac      0x32c ./Core/Src/main.o
                0x00000000080006ac                main
 .text._Z18SystemClock_Configv
                0x00000000080009d8       0xe4 ./Core/Src/main.o
                0x00000000080009d8                SystemClock_Config()
 .text._ZL11MX_ADC_Initv
                0x0000000008000abc       0xc4 ./Core/Src/main.o
 .text._ZL12MX_I2C1_Initv
                0x0000000008000b80       0x68 ./Core/Src/main.o
 .text._ZL11MX_RTC_Initv
                0x0000000008000be8       0xf0 ./Core/Src/main.o
 .text._ZL13MX_TIM10_Initv
                0x0000000008000cd8       0x88 ./Core/Src/main.o
 .text._ZL19MX_USART1_UART_Initv
                0x0000000008000d60       0x5c ./Core/Src/main.o
 .text._ZL12MX_GPIO_Initv
                0x0000000008000dbc      0x114 ./Core/Src/main.o
 .text.Error_Handler
                0x0000000008000ed0        0xa ./Core/Src/main.o
                0x0000000008000ed0                Error_Handler
 *fill*         0x0000000008000eda        0x2 
 .text._Z14Set_IO_Outputsv
                0x0000000008000edc       0x30 ./Core/Src/memory_control.o
                0x0000000008000edc                Set_IO_Outputs()
 .text._Z13Set_IO_Inputsv
                0x0000000008000f0c       0x2c ./Core/Src/memory_control.o
                0x0000000008000f0c                Set_IO_Inputs()
 .text._Z15hammingDistanceii
                0x0000000008000f38       0x3c ./Core/Src/memory_control.o
                0x0000000008000f38                hammingDistance(int, int)
 .text._ZN16MemoryControllerC2EP12GPIO_TypeDeft
                0x0000000008000f74       0x32 ./Core/Src/memory_control.o
                0x0000000008000f74                MemoryController::MemoryController(GPIO_TypeDef*, unsigned short)
                0x0000000008000f74                MemoryController::MemoryController(GPIO_TypeDef*, unsigned short)
 *fill*         0x0000000008000fa6        0x2 
 .text._ZN16MemoryController6set_CEEP12GPIO_TypeDeft
                0x0000000008000fa8       0x34 ./Core/Src/memory_control.o
                0x0000000008000fa8                MemoryController::set_CE(GPIO_TypeDef*, unsigned short)
 .text._ZN16MemoryController5floodEh
                0x0000000008000fdc       0xdc ./Core/Src/memory_control.o
                0x0000000008000fdc                MemoryController::flood(unsigned char)
 .text._ZN16MemoryController9check_forEh
                0x00000000080010b8      0x108 ./Core/Src/memory_control.o
                0x00000000080010b8                MemoryController::check_for(unsigned char)
 .text._ZN16MemoryController6enableEv
                0x00000000080011c0       0x26 ./Core/Src/memory_control.o
                0x00000000080011c0                MemoryController::enable()
 .text._ZN16MemoryController7disableEv
                0x00000000080011e6       0x26 ./Core/Src/memory_control.o
                0x00000000080011e6                MemoryController::disable()
 .text.HAL_MspInit
                0x000000000800120c       0x5c ./Core/Src/stm32l1xx_hal_msp.o
                0x000000000800120c                HAL_MspInit
 .text.HAL_ADC_MspInit
                0x0000000008001268       0x80 ./Core/Src/stm32l1xx_hal_msp.o
                0x0000000008001268                HAL_ADC_MspInit
 .text.HAL_I2C_MspInit
                0x00000000080012e8       0xa8 ./Core/Src/stm32l1xx_hal_msp.o
                0x00000000080012e8                HAL_I2C_MspInit
 .text.HAL_I2C_MspDeInit
                0x0000000008001390       0x50 ./Core/Src/stm32l1xx_hal_msp.o
                0x0000000008001390                HAL_I2C_MspDeInit
 .text.HAL_RTC_MspInit
                0x00000000080013e0       0x38 ./Core/Src/stm32l1xx_hal_msp.o
                0x00000000080013e0                HAL_RTC_MspInit
 .text.HAL_TIM_Base_MspInit
                0x0000000008001418       0x3c ./Core/Src/stm32l1xx_hal_msp.o
                0x0000000008001418                HAL_TIM_Base_MspInit
 .text.HAL_UART_MspInit
                0x0000000008001454       0x88 ./Core/Src/stm32l1xx_hal_msp.o
                0x0000000008001454                HAL_UART_MspInit
 .text.NMI_Handler
                0x00000000080014dc        0x6 ./Core/Src/stm32l1xx_it.o
                0x00000000080014dc                NMI_Handler
 .text.HardFault_Handler
                0x00000000080014e2        0x6 ./Core/Src/stm32l1xx_it.o
                0x00000000080014e2                HardFault_Handler
 .text.MemManage_Handler
                0x00000000080014e8        0x6 ./Core/Src/stm32l1xx_it.o
                0x00000000080014e8                MemManage_Handler
 .text.BusFault_Handler
                0x00000000080014ee        0x6 ./Core/Src/stm32l1xx_it.o
                0x00000000080014ee                BusFault_Handler
 .text.UsageFault_Handler
                0x00000000080014f4        0x6 ./Core/Src/stm32l1xx_it.o
                0x00000000080014f4                UsageFault_Handler
 .text.SVC_Handler
                0x00000000080014fa        0xc ./Core/Src/stm32l1xx_it.o
                0x00000000080014fa                SVC_Handler
 .text.DebugMon_Handler
                0x0000000008001506        0xc ./Core/Src/stm32l1xx_it.o
                0x0000000008001506                DebugMon_Handler
 .text.PendSV_Handler
                0x0000000008001512        0xc ./Core/Src/stm32l1xx_it.o
                0x0000000008001512                PendSV_Handler
 .text.SysTick_Handler
                0x000000000800151e        0xc ./Core/Src/stm32l1xx_it.o
                0x000000000800151e                SysTick_Handler
 *fill*         0x000000000800152a        0x2 
 .text.RTC_WKUP_IRQHandler
                0x000000000800152c       0x14 ./Core/Src/stm32l1xx_it.o
                0x000000000800152c                RTC_WKUP_IRQHandler
 .text.I2C1_EV_IRQHandler
                0x0000000008001540       0x14 ./Core/Src/stm32l1xx_it.o
                0x0000000008001540                I2C1_EV_IRQHandler
 .text.I2C1_ER_IRQHandler
                0x0000000008001554       0x14 ./Core/Src/stm32l1xx_it.o
                0x0000000008001554                I2C1_ER_IRQHandler
 .text.SystemInit
                0x0000000008001568        0xc ./Core/Src/system_stm32l1xx.o
                0x0000000008001568                SystemInit
 .text.Reset_Handler
                0x0000000008001574       0x48 ./Core/Startup/startup_stm32l151r6txa.o
                0x0000000008001574                Reset_Handler
 .text.Default_Handler
                0x00000000080015bc        0x2 ./Core/Startup/startup_stm32l151r6txa.o
                0x00000000080015bc                RTC_Alarm_IRQHandler
                0x00000000080015bc                EXTI2_IRQHandler
                0x00000000080015bc                TIM10_IRQHandler
                0x00000000080015bc                USB_HP_IRQHandler
                0x00000000080015bc                TIM6_IRQHandler
                0x00000000080015bc                PVD_IRQHandler
                0x00000000080015bc                EXTI3_IRQHandler
                0x00000000080015bc                EXTI0_IRQHandler
                0x00000000080015bc                I2C2_EV_IRQHandler
                0x00000000080015bc                SPI1_IRQHandler
                0x00000000080015bc                USB_FS_WKUP_IRQHandler
                0x00000000080015bc                DMA1_Channel4_IRQHandler
                0x00000000080015bc                ADC1_IRQHandler
                0x00000000080015bc                USART3_IRQHandler
                0x00000000080015bc                DMA1_Channel7_IRQHandler
                0x00000000080015bc                TIM4_IRQHandler
                0x00000000080015bc                DMA1_Channel6_IRQHandler
                0x00000000080015bc                TIM3_IRQHandler
                0x00000000080015bc                RCC_IRQHandler
                0x00000000080015bc                DMA1_Channel1_IRQHandler
                0x00000000080015bc                Default_Handler
                0x00000000080015bc                EXTI15_10_IRQHandler
                0x00000000080015bc                TIM7_IRQHandler
                0x00000000080015bc                EXTI9_5_IRQHandler
                0x00000000080015bc                TIM9_IRQHandler
                0x00000000080015bc                TAMPER_STAMP_IRQHandler
                0x00000000080015bc                SPI2_IRQHandler
                0x00000000080015bc                DMA1_Channel5_IRQHandler
                0x00000000080015bc                USB_LP_IRQHandler
                0x00000000080015bc                EXTI4_IRQHandler
                0x00000000080015bc                DMA1_Channel3_IRQHandler
                0x00000000080015bc                COMP_IRQHandler
                0x00000000080015bc                WWDG_IRQHandler
                0x00000000080015bc                TIM2_IRQHandler
                0x00000000080015bc                DAC_IRQHandler
                0x00000000080015bc                EXTI1_IRQHandler
                0x00000000080015bc                TIM11_IRQHandler
                0x00000000080015bc                USART2_IRQHandler
                0x00000000080015bc                I2C2_ER_IRQHandler
                0x00000000080015bc                DMA1_Channel2_IRQHandler
                0x00000000080015bc                FLASH_IRQHandler
                0x00000000080015bc                USART1_IRQHandler
 .text.HAL_Init
                0x00000000080015be       0x30 ./Drivers/STM32L1xx_HAL_Driver/Src/stm32l1xx_hal.o
                0x00000000080015be                HAL_Init
 *fill*         0x00000000080015ee        0x2 
 .text.HAL_InitTick
                0x00000000080015f0       0x74 ./Drivers/STM32L1xx_HAL_Driver/Src/stm32l1xx_hal.o
                0x00000000080015f0                HAL_InitTick
 .text.HAL_IncTick
                0x0000000008001664       0x24 ./Drivers/STM32L1xx_HAL_Driver/Src/stm32l1xx_hal.o
                0x0000000008001664                HAL_IncTick
 .text.HAL_GetTick
                0x0000000008001688       0x14 ./Drivers/STM32L1xx_HAL_Driver/Src/stm32l1xx_hal.o
                0x0000000008001688                HAL_GetTick
 .text.HAL_ADC_Init
                0x000000000800169c      0x28c ./Drivers/STM32L1xx_HAL_Driver/Src/stm32l1xx_hal_adc.o
                0x000000000800169c                HAL_ADC_Init
 .text.HAL_ADC_ConfigChannel
                0x0000000008001928      0x2a0 ./Drivers/STM32L1xx_HAL_Driver/Src/stm32l1xx_hal_adc.o
                0x0000000008001928                HAL_ADC_ConfigChannel
 .text.__NVIC_SetPriorityGrouping
                0x0000000008001bc8       0x48 ./Drivers/STM32L1xx_HAL_Driver/Src/stm32l1xx_hal_cortex.o
 .text.__NVIC_GetPriorityGrouping
                0x0000000008001c10       0x1c ./Drivers/STM32L1xx_HAL_Driver/Src/stm32l1xx_hal_cortex.o
 .text.__NVIC_EnableIRQ
                0x0000000008001c2c       0x38 ./Drivers/STM32L1xx_HAL_Driver/Src/stm32l1xx_hal_cortex.o
 .text.__NVIC_DisableIRQ
                0x0000000008001c64       0x48 ./Drivers/STM32L1xx_HAL_Driver/Src/stm32l1xx_hal_cortex.o
 .text.__NVIC_SetPriority
                0x0000000008001cac       0x54 ./Drivers/STM32L1xx_HAL_Driver/Src/stm32l1xx_hal_cortex.o
 .text.NVIC_EncodePriority
                0x0000000008001d00       0x64 ./Drivers/STM32L1xx_HAL_Driver/Src/stm32l1xx_hal_cortex.o
 .text.SysTick_Config
                0x0000000008001d64       0x44 ./Drivers/STM32L1xx_HAL_Driver/Src/stm32l1xx_hal_cortex.o
 .text.HAL_NVIC_SetPriorityGrouping
                0x0000000008001da8       0x16 ./Drivers/STM32L1xx_HAL_Driver/Src/stm32l1xx_hal_cortex.o
                0x0000000008001da8                HAL_NVIC_SetPriorityGrouping
 .text.HAL_NVIC_SetPriority
                0x0000000008001dbe       0x38 ./Drivers/STM32L1xx_HAL_Driver/Src/stm32l1xx_hal_cortex.o
                0x0000000008001dbe                HAL_NVIC_SetPriority
 .text.HAL_NVIC_EnableIRQ
                0x0000000008001df6       0x1c ./Drivers/STM32L1xx_HAL_Driver/Src/stm32l1xx_hal_cortex.o
                0x0000000008001df6                HAL_NVIC_EnableIRQ
 .text.HAL_NVIC_DisableIRQ
                0x0000000008001e12       0x1c ./Drivers/STM32L1xx_HAL_Driver/Src/stm32l1xx_hal_cortex.o
                0x0000000008001e12                HAL_NVIC_DisableIRQ
 .text.HAL_SYSTICK_Config
                0x0000000008001e2e       0x18 ./Drivers/STM32L1xx_HAL_Driver/Src/stm32l1xx_hal_cortex.o
                0x0000000008001e2e                HAL_SYSTICK_Config
 .text.HAL_DMA_Abort_IT
                0x0000000008001e46       0x82 ./Drivers/STM32L1xx_HAL_Driver/Src/stm32l1xx_hal_dma.o
                0x0000000008001e46                HAL_DMA_Abort_IT
 .text.HAL_DMA_GetState
                0x0000000008001ec8       0x1a ./Drivers/STM32L1xx_HAL_Driver/Src/stm32l1xx_hal_dma.o
                0x0000000008001ec8                HAL_DMA_GetState
 *fill*         0x0000000008001ee2        0x2 
 .text.HAL_GPIO_Init
                0x0000000008001ee4      0x300 ./Drivers/STM32L1xx_HAL_Driver/Src/stm32l1xx_hal_gpio.o
                0x0000000008001ee4                HAL_GPIO_Init
 .text.HAL_GPIO_DeInit
                0x00000000080021e4      0x1c0 ./Drivers/STM32L1xx_HAL_Driver/Src/stm32l1xx_hal_gpio.o
                0x00000000080021e4                HAL_GPIO_DeInit
 .text.HAL_GPIO_WritePin
                0x00000000080023a4       0x30 ./Drivers/STM32L1xx_HAL_Driver/Src/stm32l1xx_hal_gpio.o
                0x00000000080023a4                HAL_GPIO_WritePin
 .text.HAL_I2C_Init
                0x00000000080023d4      0x288 ./Drivers/STM32L1xx_HAL_Driver/Src/stm32l1xx_hal_i2c.o
                0x00000000080023d4                HAL_I2C_Init
 .text.HAL_I2C_DeInit
                0x000000000800265c       0x5e ./Drivers/STM32L1xx_HAL_Driver/Src/stm32l1xx_hal_i2c.o
                0x000000000800265c                HAL_I2C_DeInit
 .text.I2C_Flush_DR
                0x00000000080026ba       0x28 ./Drivers/STM32L1xx_HAL_Driver/Src/stm32l1xx_hal_i2c.o
 .text.HAL_I2C_Slave_Seq_Transmit_IT
                0x00000000080026e2       0xe4 ./Drivers/STM32L1xx_HAL_Driver/Src/stm32l1xx_hal_i2c.o
                0x00000000080026e2                HAL_I2C_Slave_Seq_Transmit_IT
 .text.HAL_I2C_Slave_Seq_Receive_IT
                0x00000000080027c6       0xe4 ./Drivers/STM32L1xx_HAL_Driver/Src/stm32l1xx_hal_i2c.o
                0x00000000080027c6                HAL_I2C_Slave_Seq_Receive_IT
 .text.HAL_I2C_EnableListen_IT
                0x00000000080028aa       0x6a ./Drivers/STM32L1xx_HAL_Driver/Src/stm32l1xx_hal_i2c.o
                0x00000000080028aa                HAL_I2C_EnableListen_IT
 .text.HAL_I2C_EV_IRQHandler
                0x0000000008002914      0x2e2 ./Drivers/STM32L1xx_HAL_Driver/Src/stm32l1xx_hal_i2c.o
                0x0000000008002914                HAL_I2C_EV_IRQHandler
 .text.HAL_I2C_ER_IRQHandler
                0x0000000008002bf6      0x14e ./Drivers/STM32L1xx_HAL_Driver/Src/stm32l1xx_hal_i2c.o
                0x0000000008002bf6                HAL_I2C_ER_IRQHandler
 .text.HAL_I2C_MasterTxCpltCallback
                0x0000000008002d44       0x12 ./Drivers/STM32L1xx_HAL_Driver/Src/stm32l1xx_hal_i2c.o
                0x0000000008002d44                HAL_I2C_MasterTxCpltCallback
 .text.HAL_I2C_MasterRxCpltCallback
                0x0000000008002d56       0x12 ./Drivers/STM32L1xx_HAL_Driver/Src/stm32l1xx_hal_i2c.o
                0x0000000008002d56                HAL_I2C_MasterRxCpltCallback
 .text.HAL_I2C_MemTxCpltCallback
                0x0000000008002d68       0x12 ./Drivers/STM32L1xx_HAL_Driver/Src/stm32l1xx_hal_i2c.o
                0x0000000008002d68                HAL_I2C_MemTxCpltCallback
 .text.HAL_I2C_MemRxCpltCallback
                0x0000000008002d7a       0x12 ./Drivers/STM32L1xx_HAL_Driver/Src/stm32l1xx_hal_i2c.o
                0x0000000008002d7a                HAL_I2C_MemRxCpltCallback
 .text.HAL_I2C_AbortCpltCallback
                0x0000000008002d8c       0x12 ./Drivers/STM32L1xx_HAL_Driver/Src/stm32l1xx_hal_i2c.o
                0x0000000008002d8c                HAL_I2C_AbortCpltCallback
 .text.HAL_I2C_GetError
                0x0000000008002d9e       0x16 ./Drivers/STM32L1xx_HAL_Driver/Src/stm32l1xx_hal_i2c.o
                0x0000000008002d9e                HAL_I2C_GetError
 .text.I2C_MasterTransmit_TXE
                0x0000000008002db4      0x138 ./Drivers/STM32L1xx_HAL_Driver/Src/stm32l1xx_hal_i2c.o
 .text.I2C_MasterTransmit_BTF
                0x0000000008002eec       0xec ./Drivers/STM32L1xx_HAL_Driver/Src/stm32l1xx_hal_i2c.o
 .text.I2C_MemoryTransmit_TXE_BTF
                0x0000000008002fd8      0x130 ./Drivers/STM32L1xx_HAL_Driver/Src/stm32l1xx_hal_i2c.o
 .text.I2C_MasterReceive_RXNE
                0x0000000008003108      0x176 ./Drivers/STM32L1xx_HAL_Driver/Src/stm32l1xx_hal_i2c.o
 .text.I2C_MasterReceive_BTF
                0x000000000800327e      0x1d4 ./Drivers/STM32L1xx_HAL_Driver/Src/stm32l1xx_hal_i2c.o
 .text.I2C_Master_SB
                0x0000000008003452      0x10a ./Drivers/STM32L1xx_HAL_Driver/Src/stm32l1xx_hal_i2c.o
 .text.I2C_Master_ADD10
                0x000000000800355c       0x52 ./Drivers/STM32L1xx_HAL_Driver/Src/stm32l1xx_hal_i2c.o
 .text.I2C_Master_ADDR
                0x00000000080035ae      0x320 ./Drivers/STM32L1xx_HAL_Driver/Src/stm32l1xx_hal_i2c.o
 .text.I2C_SlaveTransmit_TXE
                0x00000000080038ce       0x7a ./Drivers/STM32L1xx_HAL_Driver/Src/stm32l1xx_hal_i2c.o
 .text.I2C_SlaveTransmit_BTF
                0x0000000008003948       0x40 ./Drivers/STM32L1xx_HAL_Driver/Src/stm32l1xx_hal_i2c.o
 .text.I2C_SlaveReceive_RXNE
                0x0000000008003988       0x7c ./Drivers/STM32L1xx_HAL_Driver/Src/stm32l1xx_hal_i2c.o
 .text.I2C_SlaveReceive_BTF
                0x0000000008003a04       0x42 ./Drivers/STM32L1xx_HAL_Driver/Src/stm32l1xx_hal_i2c.o
 .text.I2C_Slave_ADDR
                0x0000000008003a46       0x94 ./Drivers/STM32L1xx_HAL_Driver/Src/stm32l1xx_hal_i2c.o
 *fill*         0x0000000008003ada        0x2 
 .text.I2C_Slave_STOPF
                0x0000000008003adc      0x260 ./Drivers/STM32L1xx_HAL_Driver/Src/stm32l1xx_hal_i2c.o
 .text.I2C_Slave_AF
                0x0000000008003d3c       0xe8 ./Drivers/STM32L1xx_HAL_Driver/Src/stm32l1xx_hal_i2c.o
 .text.I2C_ITError
                0x0000000008003e24      0x264 ./Drivers/STM32L1xx_HAL_Driver/Src/stm32l1xx_hal_i2c.o
 .text.I2C_DMAAbort
                0x0000000008004088      0x150 ./Drivers/STM32L1xx_HAL_Driver/Src/stm32l1xx_hal_i2c.o
 .text.I2C_WaitOnSTOPRequestThroughIT
                0x00000000080041d8       0x64 ./Drivers/STM32L1xx_HAL_Driver/Src/stm32l1xx_hal_i2c.o
 .text.I2C_ConvertOtherXferOptions
                0x000000000800423c       0x34 ./Drivers/STM32L1xx_HAL_Driver/Src/stm32l1xx_hal_i2c.o
 .text.HAL_RCC_OscConfig
                0x0000000008004270      0x660 ./Drivers/STM32L1xx_HAL_Driver/Src/stm32l1xx_hal_rcc.o
                0x0000000008004270                HAL_RCC_OscConfig
 .text.HAL_RCC_ClockConfig
                0x00000000080048d0      0x268 ./Drivers/STM32L1xx_HAL_Driver/Src/stm32l1xx_hal_rcc.o
                0x00000000080048d0                HAL_RCC_ClockConfig
 .text.HAL_RCC_GetSysClockFreq
                0x0000000008004b38      0x17c ./Drivers/STM32L1xx_HAL_Driver/Src/stm32l1xx_hal_rcc.o
                0x0000000008004b38                HAL_RCC_GetSysClockFreq
 .text.HAL_RCC_GetHCLKFreq
                0x0000000008004cb4       0x14 ./Drivers/STM32L1xx_HAL_Driver/Src/stm32l1xx_hal_rcc.o
                0x0000000008004cb4                HAL_RCC_GetHCLKFreq
 .text.HAL_RCC_GetPCLK1Freq
                0x0000000008004cc8       0x28 ./Drivers/STM32L1xx_HAL_Driver/Src/stm32l1xx_hal_rcc.o
                0x0000000008004cc8                HAL_RCC_GetPCLK1Freq
 .text.HAL_RCC_GetPCLK2Freq
                0x0000000008004cf0       0x28 ./Drivers/STM32L1xx_HAL_Driver/Src/stm32l1xx_hal_rcc.o
                0x0000000008004cf0                HAL_RCC_GetPCLK2Freq
 .text.RCC_SetFlashLatencyFromMSIRange
                0x0000000008004d18       0xc0 ./Drivers/STM32L1xx_HAL_Driver/Src/stm32l1xx_hal_rcc.o
 .text.HAL_RCCEx_PeriphCLKConfig
                0x0000000008004dd8      0x19c ./Drivers/STM32L1xx_HAL_Driver/Src/stm32l1xx_hal_rcc_ex.o
                0x0000000008004dd8                HAL_RCCEx_PeriphCLKConfig
 .text.HAL_RTC_Init
                0x0000000008004f74      0x106 ./Drivers/STM32L1xx_HAL_Driver/Src/stm32l1xx_hal_rtc.o
                0x0000000008004f74                HAL_RTC_Init
 .text.HAL_RTC_SetTime
                0x000000000800507a      0x134 ./Drivers/STM32L1xx_HAL_Driver/Src/stm32l1xx_hal_rtc.o
                0x000000000800507a                HAL_RTC_SetTime
 .text.HAL_RTC_SetDate
                0x00000000080051ae      0x108 ./Drivers/STM32L1xx_HAL_Driver/Src/stm32l1xx_hal_rtc.o
                0x00000000080051ae                HAL_RTC_SetDate
 .text.HAL_RTC_WaitForSynchro
                0x00000000080052b6       0x4a ./Drivers/STM32L1xx_HAL_Driver/Src/stm32l1xx_hal_rtc.o
                0x00000000080052b6                HAL_RTC_WaitForSynchro
 .text.RTC_EnterInitMode
                0x0000000008005300       0x6e ./Drivers/STM32L1xx_HAL_Driver/Src/stm32l1xx_hal_rtc.o
                0x0000000008005300                RTC_EnterInitMode
 .text.RTC_ExitInitMode
                0x000000000800536e       0x4a ./Drivers/STM32L1xx_HAL_Driver/Src/stm32l1xx_hal_rtc.o
                0x000000000800536e                RTC_ExitInitMode
 .text.RTC_ByteToBcd2
                0x00000000080053b8       0x3a ./Drivers/STM32L1xx_HAL_Driver/Src/stm32l1xx_hal_rtc.o
                0x00000000080053b8                RTC_ByteToBcd2
 *fill*         0x00000000080053f2        0x2 
 .text.HAL_RTCEx_SetWakeUpTimer_IT
                0x00000000080053f4      0x180 ./Drivers/STM32L1xx_HAL_Driver/Src/stm32l1xx_hal_rtc_ex.o
                0x00000000080053f4                HAL_RTCEx_SetWakeUpTimer_IT
 .text.HAL_RTCEx_WakeUpTimerIRQHandler
                0x0000000008005574       0x48 ./Drivers/STM32L1xx_HAL_Driver/Src/stm32l1xx_hal_rtc_ex.o
                0x0000000008005574                HAL_RTCEx_WakeUpTimerIRQHandler
 .text.HAL_RTCEx_WakeUpTimerEventCallback
                0x00000000080055bc       0x12 ./Drivers/STM32L1xx_HAL_Driver/Src/stm32l1xx_hal_rtc_ex.o
                0x00000000080055bc                HAL_RTCEx_WakeUpTimerEventCallback
 .text.HAL_TIM_Base_Init
                0x00000000080055ce       0x7e ./Drivers/STM32L1xx_HAL_Driver/Src/stm32l1xx_hal_tim.o
                0x00000000080055ce                HAL_TIM_Base_Init
 .text.HAL_TIM_Base_Start
                0x000000000800564c       0x94 ./Drivers/STM32L1xx_HAL_Driver/Src/stm32l1xx_hal_tim.o
                0x000000000800564c                HAL_TIM_Base_Start
 .text.HAL_TIM_ConfigClockSource
                0x00000000080056e0      0x18e ./Drivers/STM32L1xx_HAL_Driver/Src/stm32l1xx_hal_tim.o
                0x00000000080056e0                HAL_TIM_ConfigClockSource
 *fill*         0x000000000800586e        0x2 
 .text.TIM_Base_SetConfig
                0x0000000008005870       0xc4 ./Drivers/STM32L1xx_HAL_Driver/Src/stm32l1xx_hal_tim.o
 .text.TIM_TI1_ConfigInputStage
                0x0000000008005934       0x5c ./Drivers/STM32L1xx_HAL_Driver/Src/stm32l1xx_hal_tim.o
 .text.TIM_TI2_ConfigInputStage
                0x0000000008005990       0x5e ./Drivers/STM32L1xx_HAL_Driver/Src/stm32l1xx_hal_tim.o
 .text.TIM_ITRx_SetConfig
                0x00000000080059ee       0x34 ./Drivers/STM32L1xx_HAL_Driver/Src/stm32l1xx_hal_tim.o
 .text.TIM_ETR_SetConfig
                0x0000000008005a22       0x3e ./Drivers/STM32L1xx_HAL_Driver/Src/stm32l1xx_hal_tim.o
 .text.HAL_UART_Init
                0x0000000008005a60       0xa0 ./Drivers/STM32L1xx_HAL_Driver/Src/stm32l1xx_hal_uart.o
                0x0000000008005a60                HAL_UART_Init
 .text.UART_SetConfig
                0x0000000008005b00      0x1c8 ./Drivers/STM32L1xx_HAL_Driver/Src/stm32l1xx_hal_uart.o
 .text.__libc_init_array
                0x0000000008005cc8       0x48 c:/st/stm32cubeide_1.6.1/stm32cubeide/plugins/com.st.stm32cube.ide.mcu.externaltools.gnu-tools-for-stm32.10.3-2021.10.win32_1.0.200.202301161003/tools/bin/../lib/gcc/arm-none-eabi/10.3.1/../../../../arm-none-eabi/lib/thumb/v7-m/nofp\libc_nano.a(lib_a-init.o)
                0x0000000008005cc8                __libc_init_array
 .text.memset   0x0000000008005d10       0x10 c:/st/stm32cubeide_1.6.1/stm32cubeide/plugins/com.st.stm32cube.ide.mcu.externaltools.gnu-tools-for-stm32.10.3-2021.10.win32_1.0.200.202301161003/tools/bin/../lib/gcc/arm-none-eabi/10.3.1/../../../../arm-none-eabi/lib/thumb/v7-m/nofp\libc_nano.a(lib_a-memset.o)
                0x0000000008005d10                memset
 *(.glue_7)
 .glue_7        0x0000000008005d20        0x0 linker stubs
 *(.glue_7t)
 .glue_7t       0x0000000008005d20        0x0 linker stubs
 *(.eh_frame)
 .eh_frame      0x0000000008005d20        0x0 c:/st/stm32cubeide_1.6.1/stm32cubeide/plugins/com.st.stm32cube.ide.mcu.externaltools.gnu-tools-for-stm32.10.3-2021.10.win32_1.0.200.202301161003/tools/bin/../lib/gcc/arm-none-eabi/10.3.1/thumb/v7-m/nofp/crtbegin.o
 *(.init)
 .init          0x0000000008005d20        0x4 c:/st/stm32cubeide_1.6.1/stm32cubeide/plugins/com.st.stm32cube.ide.mcu.externaltools.gnu-tools-for-stm32.10.3-2021.10.win32_1.0.200.202301161003/tools/bin/../lib/gcc/arm-none-eabi/10.3.1/thumb/v7-m/nofp/crti.o
                0x0000000008005d20                _init
 .init          0x0000000008005d24        0x8 c:/st/stm32cubeide_1.6.1/stm32cubeide/plugins/com.st.stm32cube.ide.mcu.externaltools.gnu-tools-for-stm32.10.3-2021.10.win32_1.0.200.202301161003/tools/bin/../lib/gcc/arm-none-eabi/10.3.1/thumb/v7-m/nofp/crtn.o
 *(.fini)
 .fini          0x0000000008005d2c        0x4 c:/st/stm32cubeide_1.6.1/stm32cubeide/plugins/com.st.stm32cube.ide.mcu.externaltools.gnu-tools-for-stm32.10.3-2021.10.win32_1.0.200.202301161003/tools/bin/../lib/gcc/arm-none-eabi/10.3.1/thumb/v7-m/nofp/crti.o
                0x0000000008005d2c                _fini
 .fini          0x0000000008005d30        0x8 c:/st/stm32cubeide_1.6.1/stm32cubeide/plugins/com.st.stm32cube.ide.mcu.externaltools.gnu-tools-for-stm32.10.3-2021.10.win32_1.0.200.202301161003/tools/bin/../lib/gcc/arm-none-eabi/10.3.1/thumb/v7-m/nofp/crtn.o
                0x0000000008005d38                . = ALIGN (0x4)
                0x0000000008005d38                _etext = .

.vfp11_veneer   0x0000000008005d38        0x0
 .vfp11_veneer  0x0000000008005d38        0x0 linker stubs

.v4_bx          0x0000000008005d38        0x0
 .v4_bx         0x0000000008005d38        0x0 linker stubs

.iplt           0x0000000008005d38        0x0
 .iplt          0x0000000008005d38        0x0 c:/st/stm32cubeide_1.6.1/stm32cubeide/plugins/com.st.stm32cube.ide.mcu.externaltools.gnu-tools-for-stm32.10.3-2021.10.win32_1.0.200.202301161003/tools/bin/../lib/gcc/arm-none-eabi/10.3.1/thumb/v7-m/nofp/crtbegin.o

.rodata         0x0000000008005d38       0x24
                0x0000000008005d38                . = ALIGN (0x4)
 *(.rodata)
 *(.rodata*)
 .rodata.PLLMulTable
                0x0000000008005d38        0x9 ./Core/Src/system_stm32l1xx.o
                0x0000000008005d38                PLLMulTable
 *fill*         0x0000000008005d41        0x3 
 .rodata.AHBPrescTable
                0x0000000008005d44       0x10 ./Core/Src/system_stm32l1xx.o
                0x0000000008005d44                AHBPrescTable
 .rodata.APBPrescTable
                0x0000000008005d54        0x8 ./Core/Src/system_stm32l1xx.o
                0x0000000008005d54                APBPrescTable
                0x0000000008005d5c                . = ALIGN (0x4)

.ARM.extab      0x0000000008005d5c        0x0
                0x0000000008005d5c                . = ALIGN (0x4)
 *(.ARM.extab* .gnu.linkonce.armextab.*)
                0x0000000008005d5c                . = ALIGN (0x4)

.ARM            0x0000000008005d5c        0x8
                0x0000000008005d5c                . = ALIGN (0x4)
                0x0000000008005d5c                __exidx_start = .
 *(.ARM.exidx*)
 .ARM.exidx     0x0000000008005d5c        0x8 c:/st/stm32cubeide_1.6.1/stm32cubeide/plugins/com.st.stm32cube.ide.mcu.externaltools.gnu-tools-for-stm32.10.3-2021.10.win32_1.0.200.202301161003/tools/bin/../lib/gcc/arm-none-eabi/10.3.1/thumb/v7-m/nofp\libgcc.a(_udivmoddi4.o)
                0x0000000008005d64                __exidx_end = .
                0x0000000008005d64                . = ALIGN (0x4)

.rel.dyn        0x0000000008005d64        0x0
 .rel.iplt      0x0000000008005d64        0x0 c:/st/stm32cubeide_1.6.1/stm32cubeide/plugins/com.st.stm32cube.ide.mcu.externaltools.gnu-tools-for-stm32.10.3-2021.10.win32_1.0.200.202301161003/tools/bin/../lib/gcc/arm-none-eabi/10.3.1/thumb/v7-m/nofp/crtbegin.o

.preinit_array  0x0000000008005d64        0x0
                0x0000000008005d64                . = ALIGN (0x4)
                0x0000000008005d64                PROVIDE (__preinit_array_start = .)
 *(.preinit_array*)
                0x0000000008005d64                PROVIDE (__preinit_array_end = .)
                0x0000000008005d64                . = ALIGN (0x4)

.init_array     0x0000000008005d64        0x4
                0x0000000008005d64                . = ALIGN (0x4)
                0x0000000008005d64                PROVIDE (__init_array_start = .)
 *(SORT_BY_NAME(.init_array.*))
 *(.init_array*)
 .init_array    0x0000000008005d64        0x4 c:/st/stm32cubeide_1.6.1/stm32cubeide/plugins/com.st.stm32cube.ide.mcu.externaltools.gnu-tools-for-stm32.10.3-2021.10.win32_1.0.200.202301161003/tools/bin/../lib/gcc/arm-none-eabi/10.3.1/thumb/v7-m/nofp/crtbegin.o
                0x0000000008005d68                PROVIDE (__init_array_end = .)
                0x0000000008005d68                . = ALIGN (0x4)

.fini_array     0x0000000008005d68        0x4
                0x0000000008005d68                . = ALIGN (0x4)
                [!provide]                        PROVIDE (__fini_array_start = .)
 *(SORT_BY_NAME(.fini_array.*))
 *(.fini_array*)
 .fini_array    0x0000000008005d68        0x4 c:/st/stm32cubeide_1.6.1/stm32cubeide/plugins/com.st.stm32cube.ide.mcu.externaltools.gnu-tools-for-stm32.10.3-2021.10.win32_1.0.200.202301161003/tools/bin/../lib/gcc/arm-none-eabi/10.3.1/thumb/v7-m/nofp/crtbegin.o
                [!provide]                        PROVIDE (__fini_array_end = .)
                0x0000000008005d6c                . = ALIGN (0x4)
                0x0000000008005d6c                _sidata = LOADADDR (.data)

.data           0x0000000020000000        0xc load address 0x0000000008005d6c
                0x0000000020000000                . = ALIGN (0x4)
                0x0000000020000000                _sdata = .
 *(.data)
 *(.data*)
 .data.SystemCoreClock
                0x0000000020000000        0x4 ./Core/Src/system_stm32l1xx.o
                0x0000000020000000                SystemCoreClock
 .data.uwTickPrio
                0x0000000020000004        0x4 ./Drivers/STM32L1xx_HAL_Driver/Src/stm32l1xx_hal.o
                0x0000000020000004                uwTickPrio
 .data.uwTickFreq
                0x0000000020000008        0x4 ./Drivers/STM32L1xx_HAL_Driver/Src/stm32l1xx_hal.o
                0x0000000020000008                uwTickFreq
 *(.RamFunc)
 *(.RamFunc*)
                0x000000002000000c                . = ALIGN (0x4)
                0x000000002000000c                _edata = .

.igot.plt       0x000000002000000c        0x0 load address 0x0000000008005d78
 .igot.plt      0x000000002000000c        0x0 c:/st/stm32cubeide_1.6.1/stm32cubeide/plugins/com.st.stm32cube.ide.mcu.externaltools.gnu-tools-for-stm32.10.3-2021.10.win32_1.0.200.202301161003/tools/bin/../lib/gcc/arm-none-eabi/10.3.1/thumb/v7-m/nofp/crtbegin.o
                0x000000002000000c                . = ALIGN (0x4)

.bss            0x000000002000000c      0x1a4 load address 0x0000000008005d78
                0x000000002000000c                _sbss = .
                0x000000002000000c                __bss_start__ = _sbss
 *(.bss)
 .bss           0x000000002000000c       0x1c c:/st/stm32cubeide_1.6.1/stm32cubeide/plugins/com.st.stm32cube.ide.mcu.externaltools.gnu-tools-for-stm32.10.3-2021.10.win32_1.0.200.202301161003/tools/bin/../lib/gcc/arm-none-eabi/10.3.1/thumb/v7-m/nofp/crtbegin.o
 *(.bss*)
 .bss.I2C_REGISTERS
                0x0000000020000028        0xf ./Core/Src/i2cslave.o
                0x0000000020000028                I2C_REGISTERS
 *fill*         0x0000000020000037        0x1 
 .bss.RxData    0x0000000020000038        0x2 ./Core/Src/i2cslave.o
                0x0000000020000038                RxData
 .bss.rxcount   0x000000002000003a        0x1 ./Core/Src/i2cslave.o
                0x000000002000003a                rxcount
 .bss.txcount   0x000000002000003b        0x1 ./Core/Src/i2cslave.o
                0x000000002000003b                txcount
 .bss.startPosition
                0x000000002000003c        0x1 ./Core/Src/i2cslave.o
                0x000000002000003c                startPosition
 *fill*         0x000000002000003d        0x3 
 .bss.countAddr
                0x0000000020000040        0x4 ./Core/Src/i2cslave.o
                0x0000000020000040                countAddr
 .bss.counterror
                0x0000000020000044        0x4 ./Core/Src/i2cslave.o
                0x0000000020000044                counterror
 .bss.hadc      0x0000000020000048       0x54 ./Core/Src/main.o
                0x0000000020000048                hadc
 .bss.hi2c1     0x000000002000009c       0x54 ./Core/Src/main.o
                0x000000002000009c                hi2c1
 .bss.hrtc      0x00000000200000f0       0x20 ./Core/Src/main.o
                0x00000000200000f0                hrtc
 .bss.htim10    0x0000000020000110       0x40 ./Core/Src/main.o
                0x0000000020000110                htim10
 .bss.huart1    0x0000000020000150       0x48 ./Core/Src/main.o
                0x0000000020000150                huart1
 .bss.GPIO_InitStruct
                0x0000000020000198       0x14 ./Core/Src/memory_control.o
                0x0000000020000198                GPIO_InitStruct
 .bss.uwTick    0x00000000200001ac        0x4 ./Drivers/STM32L1xx_HAL_Driver/Src/stm32l1xx_hal.o
                0x00000000200001ac                uwTick
 *(COMMON)
                0x00000000200001b0                . = ALIGN (0x4)
                0x00000000200001b0                _ebss = .
                0x00000000200001b0                __bss_end__ = _ebss

._user_heap_stack
                0x00000000200001b0      0x600 load address 0x0000000008005d78
                0x00000000200001b0                . = ALIGN (0x8)
                [!provide]                        PROVIDE (end = .)
                0x00000000200001b0                PROVIDE (_end = .)
                0x00000000200003b0                . = (. + _Min_Heap_Size)
 *fill*         0x00000000200001b0      0x200 
                0x00000000200007b0                . = (. + _Min_Stack_Size)
 *fill*         0x00000000200003b0      0x400 
                0x00000000200007b0                . = ALIGN (0x8)

/DISCARD/
 libc.a(*)
 libm.a(*)
 libgcc.a(*)

.ARM.attributes
                0x0000000000000000       0x29
 *(.ARM.attributes)
 .ARM.attributes
                0x0000000000000000       0x1d c:/st/stm32cubeide_1.6.1/stm32cubeide/plugins/com.st.stm32cube.ide.mcu.externaltools.gnu-tools-for-stm32.10.3-2021.10.win32_1.0.200.202301161003/tools/bin/../lib/gcc/arm-none-eabi/10.3.1/thumb/v7-m/nofp/crti.o
 .ARM.attributes
                0x000000000000001d       0x2d c:/st/stm32cubeide_1.6.1/stm32cubeide/plugins/com.st.stm32cube.ide.mcu.externaltools.gnu-tools-for-stm32.10.3-2021.10.win32_1.0.200.202301161003/tools/bin/../lib/gcc/arm-none-eabi/10.3.1/thumb/v7-m/nofp/crtbegin.o
 .ARM.attributes
                0x000000000000004a       0x2d ./Core/Src/i2cslave.o
 .ARM.attributes
                0x0000000000000077       0x2d ./Core/Src/main.o
 .ARM.attributes
                0x00000000000000a4       0x2d ./Core/Src/memory_control.o
 .ARM.attributes
                0x00000000000000d1       0x2d ./Core/Src/stm32l1xx_hal_msp.o
 .ARM.attributes
                0x00000000000000fe       0x2d ./Core/Src/stm32l1xx_it.o
 .ARM.attributes
                0x000000000000012b       0x2d ./Core/Src/system_stm32l1xx.o
 .ARM.attributes
                0x0000000000000158       0x21 ./Core/Startup/startup_stm32l151r6txa.o
 .ARM.attributes
                0x0000000000000179       0x2d ./Drivers/STM32L1xx_HAL_Driver/Src/stm32l1xx_hal.o
 .ARM.attributes
                0x00000000000001a6       0x2d ./Drivers/STM32L1xx_HAL_Driver/Src/stm32l1xx_hal_adc.o
 .ARM.attributes
                0x00000000000001d3       0x2d ./Drivers/STM32L1xx_HAL_Driver/Src/stm32l1xx_hal_cortex.o
 .ARM.attributes
                0x0000000000000200       0x2d ./Drivers/STM32L1xx_HAL_Driver/Src/stm32l1xx_hal_dma.o
 .ARM.attributes
                0x000000000000022d       0x2d ./Drivers/STM32L1xx_HAL_Driver/Src/stm32l1xx_hal_gpio.o
 .ARM.attributes
                0x000000000000025a       0x2d ./Drivers/STM32L1xx_HAL_Driver/Src/stm32l1xx_hal_i2c.o
 .ARM.attributes
                0x0000000000000287       0x2d ./Drivers/STM32L1xx_HAL_Driver/Src/stm32l1xx_hal_rcc.o
 .ARM.attributes
                0x00000000000002b4       0x2d ./Drivers/STM32L1xx_HAL_Driver/Src/stm32l1xx_hal_rcc_ex.o
 .ARM.attributes
                0x00000000000002e1       0x2d ./Drivers/STM32L1xx_HAL_Driver/Src/stm32l1xx_hal_rtc.o
 .ARM.attributes
                0x000000000000030e       0x2d ./Drivers/STM32L1xx_HAL_Driver/Src/stm32l1xx_hal_rtc_ex.o
 .ARM.attributes
                0x000000000000033b       0x2d ./Drivers/STM32L1xx_HAL_Driver/Src/stm32l1xx_hal_tim.o
 .ARM.attributes
                0x0000000000000368       0x2d ./Drivers/STM32L1xx_HAL_Driver/Src/stm32l1xx_hal_uart.o
 .ARM.attributes
                0x0000000000000395       0x2d c:/st/stm32cubeide_1.6.1/stm32cubeide/plugins/com.st.stm32cube.ide.mcu.externaltools.gnu-tools-for-stm32.10.3-2021.10.win32_1.0.200.202301161003/tools/bin/../lib/gcc/arm-none-eabi/10.3.1/../../../../arm-none-eabi/lib/thumb/v7-m/nofp\libc_nano.a(lib_a-init.o)
 .ARM.attributes
                0x00000000000003c2       0x2d c:/st/stm32cubeide_1.6.1/stm32cubeide/plugins/com.st.stm32cube.ide.mcu.externaltools.gnu-tools-for-stm32.10.3-2021.10.win32_1.0.200.202301161003/tools/bin/../lib/gcc/arm-none-eabi/10.3.1/../../../../arm-none-eabi/lib/thumb/v7-m/nofp\libc_nano.a(lib_a-memset.o)
 .ARM.attributes
                0x00000000000003ef       0x1d c:/st/stm32cubeide_1.6.1/stm32cubeide/plugins/com.st.stm32cube.ide.mcu.externaltools.gnu-tools-for-stm32.10.3-2021.10.win32_1.0.200.202301161003/tools/bin/../lib/gcc/arm-none-eabi/10.3.1/thumb/v7-m/nofp\libgcc.a(_aeabi_uldivmod.o)
 .ARM.attributes
                0x000000000000040c       0x2d c:/st/stm32cubeide_1.6.1/stm32cubeide/plugins/com.st.stm32cube.ide.mcu.externaltools.gnu-tools-for-stm32.10.3-2021.10.win32_1.0.200.202301161003/tools/bin/../lib/gcc/arm-none-eabi/10.3.1/thumb/v7-m/nofp\libgcc.a(_udivmoddi4.o)
 .ARM.attributes
                0x0000000000000439       0x1d c:/st/stm32cubeide_1.6.1/stm32cubeide/plugins/com.st.stm32cube.ide.mcu.externaltools.gnu-tools-for-stm32.10.3-2021.10.win32_1.0.200.202301161003/tools/bin/../lib/gcc/arm-none-eabi/10.3.1/thumb/v7-m/nofp\libgcc.a(_dvmd_tls.o)
 .ARM.attributes
                0x0000000000000456       0x1d c:/st/stm32cubeide_1.6.1/stm32cubeide/plugins/com.st.stm32cube.ide.mcu.externaltools.gnu-tools-for-stm32.10.3-2021.10.win32_1.0.200.202301161003/tools/bin/../lib/gcc/arm-none-eabi/10.3.1/thumb/v7-m/nofp/crtn.o
OUTPUT(Da_Vinci_Bitflip_v1_3.elf elf32-littlearm)
LOAD linker stubs
LOAD c:/st/stm32cubeide_1.6.1/stm32cubeide/plugins/com.st.stm32cube.ide.mcu.externaltools.gnu-tools-for-stm32.10.3-2021.10.win32_1.0.200.202301161003/tools/bin/../lib/gcc/arm-none-eabi/10.3.1/../../../../arm-none-eabi/lib/thumb/v7-m/nofp\libc.a
LOAD c:/st/stm32cubeide_1.6.1/stm32cubeide/plugins/com.st.stm32cube.ide.mcu.externaltools.gnu-tools-for-stm32.10.3-2021.10.win32_1.0.200.202301161003/tools/bin/../lib/gcc/arm-none-eabi/10.3.1/../../../../arm-none-eabi/lib/thumb/v7-m/nofp\libm.a
LOAD c:/st/stm32cubeide_1.6.1/stm32cubeide/plugins/com.st.stm32cube.ide.mcu.externaltools.gnu-tools-for-stm32.10.3-2021.10.win32_1.0.200.202301161003/tools/bin/../lib/gcc/arm-none-eabi/10.3.1/thumb/v7-m/nofp\libgcc.a

.debug_info     0x0000000000000000    0x13345
 .debug_info    0x0000000000000000      0x953 ./Core/Src/i2cslave.o
 .debug_info    0x0000000000000953     0x1ee8 ./Core/Src/main.o
 .debug_info    0x000000000000283b      0x982 ./Core/Src/memory_control.o
 .debug_info    0x00000000000031bd     0x17c1 ./Core/Src/stm32l1xx_hal_msp.o
 .debug_info    0x000000000000497e      0xa15 ./Core/Src/stm32l1xx_it.o
 .debug_info    0x0000000000005393      0x2a7 ./Core/Src/system_stm32l1xx.o
 .debug_info    0x000000000000563a       0x22 ./Core/Startup/startup_stm32l151r6txa.o
 .debug_info    0x000000000000565c      0x6e4 ./Drivers/STM32L1xx_HAL_Driver/Src/stm32l1xx_hal.o
 .debug_info    0x0000000000005d40      0xf40 ./Drivers/STM32L1xx_HAL_Driver/Src/stm32l1xx_hal_adc.o
 .debug_info    0x0000000000006c80      0xd43 ./Drivers/STM32L1xx_HAL_Driver/Src/stm32l1xx_hal_cortex.o
 .debug_info    0x00000000000079c3      0x72b ./Drivers/STM32L1xx_HAL_Driver/Src/stm32l1xx_hal_dma.o
 .debug_info    0x00000000000080ee      0x627 ./Drivers/STM32L1xx_HAL_Driver/Src/stm32l1xx_hal_gpio.o
 .debug_info    0x0000000000008715     0x25c9 ./Drivers/STM32L1xx_HAL_Driver/Src/stm32l1xx_hal_i2c.o
 .debug_info    0x000000000000acde      0x990 ./Drivers/STM32L1xx_HAL_Driver/Src/stm32l1xx_hal_rcc.o
 .debug_info    0x000000000000b66e      0x433 ./Drivers/STM32L1xx_HAL_Driver/Src/stm32l1xx_hal_rcc_ex.o
 .debug_info    0x000000000000baa1      0xcf9 ./Drivers/STM32L1xx_HAL_Driver/Src/stm32l1xx_hal_rtc.o
 .debug_info    0x000000000000c79a      0xfea ./Drivers/STM32L1xx_HAL_Driver/Src/stm32l1xx_hal_rtc_ex.o
 .debug_info    0x000000000000d784     0x2a19 ./Drivers/STM32L1xx_HAL_Driver/Src/stm32l1xx_hal_tim.o
 .debug_info    0x000000000001019d     0x31a8 ./Drivers/STM32L1xx_HAL_Driver/Src/stm32l1xx_hal_uart.o

.debug_abbrev   0x0000000000000000     0x2899
 .debug_abbrev  0x0000000000000000      0x1dc ./Core/Src/i2cslave.o
 .debug_abbrev  0x00000000000001dc      0x381 ./Core/Src/main.o
 .debug_abbrev  0x000000000000055d      0x2c6 ./Core/Src/memory_control.o
 .debug_abbrev  0x0000000000000823      0x211 ./Core/Src/stm32l1xx_hal_msp.o
 .debug_abbrev  0x0000000000000a34      0x170 ./Core/Src/stm32l1xx_it.o
 .debug_abbrev  0x0000000000000ba4      0x116 ./Core/Src/system_stm32l1xx.o
 .debug_abbrev  0x0000000000000cba       0x12 ./Core/Startup/startup_stm32l151r6txa.o
 .debug_abbrev  0x0000000000000ccc      0x26c ./Drivers/STM32L1xx_HAL_Driver/Src/stm32l1xx_hal.o
 .debug_abbrev  0x0000000000000f38      0x280 ./Drivers/STM32L1xx_HAL_Driver/Src/stm32l1xx_hal_adc.o
 .debug_abbrev  0x00000000000011b8      0x316 ./Drivers/STM32L1xx_HAL_Driver/Src/stm32l1xx_hal_cortex.o
 .debug_abbrev  0x00000000000014ce      0x1c6 ./Drivers/STM32L1xx_HAL_Driver/Src/stm32l1xx_hal_dma.o
 .debug_abbrev  0x0000000000001694      0x1c4 ./Drivers/STM32L1xx_HAL_Driver/Src/stm32l1xx_hal_gpio.o
 .debug_abbrev  0x0000000000001858      0x293 ./Drivers/STM32L1xx_HAL_Driver/Src/stm32l1xx_hal_i2c.o
 .debug_abbrev  0x0000000000001aeb      0x2b0 ./Drivers/STM32L1xx_HAL_Driver/Src/stm32l1xx_hal_rcc.o
 .debug_abbrev  0x0000000000001d9b      0x1bd ./Drivers/STM32L1xx_HAL_Driver/Src/stm32l1xx_hal_rcc_ex.o
 .debug_abbrev  0x0000000000001f58      0x1e0 ./Drivers/STM32L1xx_HAL_Driver/Src/stm32l1xx_hal_rtc.o
 .debug_abbrev  0x0000000000002138      0x211 ./Drivers/STM32L1xx_HAL_Driver/Src/stm32l1xx_hal_rtc_ex.o
 .debug_abbrev  0x0000000000002349      0x260 ./Drivers/STM32L1xx_HAL_Driver/Src/stm32l1xx_hal_tim.o
 .debug_abbrev  0x00000000000025a9      0x2f0 ./Drivers/STM32L1xx_HAL_Driver/Src/stm32l1xx_hal_uart.o

.debug_aranges  0x0000000000000000     0x11c8
 .debug_aranges
                0x0000000000000000       0x48 ./Core/Src/i2cslave.o
 .debug_aranges
                0x0000000000000048       0x70 ./Core/Src/main.o
 .debug_aranges
                0x00000000000000b8       0x88 ./Core/Src/memory_control.o
 .debug_aranges
                0x0000000000000140       0x70 ./Core/Src/stm32l1xx_hal_msp.o
 .debug_aranges
                0x00000000000001b0       0x78 ./Core/Src/stm32l1xx_it.o
 .debug_aranges
                0x0000000000000228       0x28 ./Core/Src/system_stm32l1xx.o
 .debug_aranges
                0x0000000000000250       0x28 ./Core/Startup/startup_stm32l151r6txa.o
 .debug_aranges
                0x0000000000000278       0xe0 ./Drivers/STM32L1xx_HAL_Driver/Src/stm32l1xx_hal.o
 .debug_aranges
                0x0000000000000358       0xf0 ./Drivers/STM32L1xx_HAL_Driver/Src/stm32l1xx_hal_adc.o
 .debug_aranges
                0x0000000000000448      0x118 ./Drivers/STM32L1xx_HAL_Driver/Src/stm32l1xx_hal_cortex.o
 .debug_aranges
                0x0000000000000560       0x80 ./Drivers/STM32L1xx_HAL_Driver/Src/stm32l1xx_hal_dma.o
 .debug_aranges
                0x00000000000005e0       0x58 ./Drivers/STM32L1xx_HAL_Driver/Src/stm32l1xx_hal_gpio.o
 .debug_aranges
                0x0000000000000638      0x2a8 ./Drivers/STM32L1xx_HAL_Driver/Src/stm32l1xx_hal_i2c.o
 .debug_aranges
                0x00000000000008e0       0x90 ./Drivers/STM32L1xx_HAL_Driver/Src/stm32l1xx_hal_rcc.o
 .debug_aranges
                0x0000000000000970       0x58 ./Drivers/STM32L1xx_HAL_Driver/Src/stm32l1xx_hal_rcc_ex.o
 .debug_aranges
                0x00000000000009c8       0xe8 ./Drivers/STM32L1xx_HAL_Driver/Src/stm32l1xx_hal_rtc.o
 .debug_aranges
                0x0000000000000ab0      0x140 ./Drivers/STM32L1xx_HAL_Driver/Src/stm32l1xx_hal_rtc_ex.o
 .debug_aranges
                0x0000000000000bf0      0x3d0 ./Drivers/STM32L1xx_HAL_Driver/Src/stm32l1xx_hal_tim.o
 .debug_aranges
                0x0000000000000fc0      0x208 ./Drivers/STM32L1xx_HAL_Driver/Src/stm32l1xx_hal_uart.o

.debug_ranges   0x0000000000000000     0x10e8
 .debug_ranges  0x0000000000000000       0x38 ./Core/Src/i2cslave.o
 .debug_ranges  0x0000000000000038       0x60 ./Core/Src/main.o
 .debug_ranges  0x0000000000000098       0x78 ./Core/Src/memory_control.o
 .debug_ranges  0x0000000000000110       0x60 ./Core/Src/stm32l1xx_hal_msp.o
 .debug_ranges  0x0000000000000170       0x68 ./Core/Src/stm32l1xx_it.o
 .debug_ranges  0x00000000000001d8       0x18 ./Core/Src/system_stm32l1xx.o
 .debug_ranges  0x00000000000001f0       0x20 ./Core/Startup/startup_stm32l151r6txa.o
 .debug_ranges  0x0000000000000210       0xd0 ./Drivers/STM32L1xx_HAL_Driver/Src/stm32l1xx_hal.o
 .debug_ranges  0x00000000000002e0       0xe0 ./Drivers/STM32L1xx_HAL_Driver/Src/stm32l1xx_hal_adc.o
 .debug_ranges  0x00000000000003c0      0x108 ./Drivers/STM32L1xx_HAL_Driver/Src/stm32l1xx_hal_cortex.o
 .debug_ranges  0x00000000000004c8       0x70 ./Drivers/STM32L1xx_HAL_Driver/Src/stm32l1xx_hal_dma.o
 .debug_ranges  0x0000000000000538       0x48 ./Drivers/STM32L1xx_HAL_Driver/Src/stm32l1xx_hal_gpio.o
 .debug_ranges  0x0000000000000580      0x2b0 ./Drivers/STM32L1xx_HAL_Driver/Src/stm32l1xx_hal_i2c.o
 .debug_ranges  0x0000000000000830       0x80 ./Drivers/STM32L1xx_HAL_Driver/Src/stm32l1xx_hal_rcc.o
 .debug_ranges  0x00000000000008b0       0x48 ./Drivers/STM32L1xx_HAL_Driver/Src/stm32l1xx_hal_rcc_ex.o
 .debug_ranges  0x00000000000008f8       0xd8 ./Drivers/STM32L1xx_HAL_Driver/Src/stm32l1xx_hal_rtc.o
 .debug_ranges  0x00000000000009d0      0x130 ./Drivers/STM32L1xx_HAL_Driver/Src/stm32l1xx_hal_rtc_ex.o
 .debug_ranges  0x0000000000000b00      0x3c0 ./Drivers/STM32L1xx_HAL_Driver/Src/stm32l1xx_hal_tim.o
 .debug_ranges  0x0000000000000ec0      0x228 ./Drivers/STM32L1xx_HAL_Driver/Src/stm32l1xx_hal_uart.o

.debug_macro    0x0000000000000000    0x1806a
 .debug_macro   0x0000000000000000      0x2d8 ./Core/Src/i2cslave.o
 .debug_macro   0x00000000000002d8      0xb44 ./Core/Src/i2cslave.o
 .debug_macro   0x0000000000000e1c      0x121 ./Core/Src/i2cslave.o
 .debug_macro   0x0000000000000f3d       0x2e ./Core/Src/i2cslave.o
 .debug_macro   0x0000000000000f6b       0x22 ./Core/Src/i2cslave.o
 .debug_macro   0x0000000000000f8d       0x1c ./Core/Src/i2cslave.o
 .debug_macro   0x0000000000000fa9       0x22 ./Core/Src/i2cslave.o
 .debug_macro   0x0000000000000fcb       0x8e ./Core/Src/i2cslave.o
 .debug_macro   0x0000000000001059       0x51 ./Core/Src/i2cslave.o
 .debug_macro   0x00000000000010aa      0x103 ./Core/Src/i2cslave.o
 .debug_macro   0x00000000000011ad       0x6a ./Core/Src/i2cslave.o
 .debug_macro   0x0000000000001217      0x1df ./Core/Src/i2cslave.o
 .debug_macro   0x00000000000013f6       0x1c ./Core/Src/i2cslave.o
 .debug_macro   0x0000000000001412       0x22 ./Core/Src/i2cslave.o
 .debug_macro   0x0000000000001434       0xbd ./Core/Src/i2cslave.o
 .debug_macro   0x00000000000014f1      0xe49 ./Core/Src/i2cslave.o
 .debug_macro   0x000000000000233a      0x11f ./Core/Src/i2cslave.o
 .debug_macro   0x0000000000002459     0x9b7e ./Core/Src/i2cslave.o
 .debug_macro   0x000000000000bfd7       0x6d ./Core/Src/i2cslave.o
 .debug_macro   0x000000000000c044     0x34cc ./Core/Src/i2cslave.o
 .debug_macro   0x000000000000f510      0x17b ./Core/Src/i2cslave.o
 .debug_macro   0x000000000000f68b       0x5b ./Core/Src/i2cslave.o
 .debug_macro   0x000000000000f6e6      0xe37 ./Core/Src/i2cslave.o
 .debug_macro   0x000000000001051d       0xca ./Core/Src/i2cslave.o
 .debug_macro   0x00000000000105e7      0x1b8 ./Core/Src/i2cslave.o
 .debug_macro   0x000000000001079f       0xa7 ./Core/Src/i2cslave.o
 .debug_macro   0x0000000000010846      0x21e ./Core/Src/i2cslave.o
 .debug_macro   0x0000000000010a64      0x236 ./Core/Src/i2cslave.o
 .debug_macro   0x0000000000010c9a      0x631 ./Core/Src/i2cslave.o
 .debug_macro   0x00000000000112cb      0x15d ./Core/Src/i2cslave.o
 .debug_macro   0x0000000000011428      0x115 ./Core/Src/i2cslave.o
 .debug_macro   0x000000000001153d      0x3a0 ./Core/Src/i2cslave.o
 .debug_macro   0x00000000000118dd      0x287 ./Core/Src/i2cslave.o
 .debug_macro   0x0000000000011b64      0x1e9 ./Core/Src/i2cslave.o
 .debug_macro   0x0000000000011d4d       0x22 ./Core/Src/i2cslave.o
 .debug_macro   0x0000000000011d6f      0x313 ./Core/Src/i2cslave.o
 .debug_macro   0x0000000000012082      0x3f5 ./Core/Src/i2cslave.o
 .debug_macro   0x0000000000012477       0xeb ./Core/Src/i2cslave.o
 .debug_macro   0x0000000000012562      0x788 ./Core/Src/i2cslave.o
 .debug_macro   0x0000000000012cea       0x59 ./Core/Src/i2cslave.o
 .debug_macro   0x0000000000012d43      0x2aa ./Core/Src/i2cslave.o
 .debug_macro   0x0000000000012fed      0x15c ./Core/Src/i2cslave.o
 .debug_macro   0x0000000000013149      0x3dc ./Core/Src/i2cslave.o
 .debug_macro   0x0000000000013525      0x1b9 ./Core/Src/i2cslave.o
 .debug_macro   0x00000000000136de       0x52 ./Core/Src/i2cslave.o
 .debug_macro   0x0000000000013730       0x18 ./Core/Src/i2cslave.o
 .debug_macro   0x0000000000013748       0x3c ./Core/Src/i2cslave.o
 .debug_macro   0x0000000000013784       0x34 ./Core/Src/i2cslave.o
 .debug_macro   0x00000000000137b8       0x16 ./Core/Src/i2cslave.o
 .debug_macro   0x00000000000137ce       0x43 ./Core/Src/i2cslave.o
 .debug_macro   0x0000000000013811       0x34 ./Core/Src/i2cslave.o
 .debug_macro   0x0000000000013845       0x10 ./Core/Src/i2cslave.o
 .debug_macro   0x0000000000013855       0x58 ./Core/Src/i2cslave.o
 .debug_macro   0x00000000000138ad       0x71 ./Core/Src/i2cslave.o
 .debug_macro   0x000000000001391e       0x16 ./Core/Src/i2cslave.o
 .debug_macro   0x0000000000013934      0x12a ./Core/Src/i2cslave.o
 .debug_macro   0x0000000000013a5e      0x364 ./Core/Src/i2cslave.o
 .debug_macro   0x0000000000013dc2       0x10 ./Core/Src/i2cslave.o
 .debug_macro   0x0000000000013dd2       0x35 ./Core/Src/i2cslave.o
 .debug_macro   0x0000000000013e07       0x20 ./Core/Src/i2cslave.o
 .debug_macro   0x0000000000013e27      0x36d ./Core/Src/main.o
 .debug_macro   0x0000000000014194       0x16 ./Core/Src/main.o
 .debug_macro   0x00000000000141aa       0x10 ./Core/Src/main.o
 .debug_macro   0x00000000000141ba       0x10 ./Core/Src/main.o
 .debug_macro   0x00000000000141ca       0x1c ./Core/Src/main.o
 .debug_macro   0x00000000000141e6       0x52 ./Core/Src/main.o
 .debug_macro   0x0000000000014238       0x22 ./Core/Src/main.o
 .debug_macro   0x000000000001425a       0x10 ./Core/Src/main.o
 .debug_macro   0x000000000001426a       0x52 ./Core/Src/main.o
 .debug_macro   0x00000000000142bc       0xd5 ./Core/Src/main.o
 .debug_macro   0x0000000000014391       0x1c ./Core/Src/main.o
 .debug_macro   0x00000000000143ad       0x3d ./Core/Src/main.o
 .debug_macro   0x00000000000143ea       0x16 ./Core/Src/main.o
 .debug_macro   0x0000000000014400      0x137 ./Core/Src/main.o
 .debug_macro   0x0000000000014537      0x1fe ./Core/Src/memory_control.o
 .debug_macro   0x0000000000014735      0x1bf ./Core/Src/memory_control.o
 .debug_macro   0x00000000000148f4      0x1f5 ./Core/Src/stm32l1xx_hal_msp.o
 .debug_macro   0x0000000000014ae9      0xa6c ./Core/Src/stm32l1xx_hal_msp.o
 .debug_macro   0x0000000000015555      0xe49 ./Core/Src/stm32l1xx_hal_msp.o
 .debug_macro   0x000000000001639e      0x174 ./Core/Src/stm32l1xx_hal_msp.o
 .debug_macro   0x0000000000016512      0x1ff ./Core/Src/stm32l1xx_it.o
 .debug_macro   0x0000000000016711      0x1e6 ./Core/Src/system_stm32l1xx.o
 .debug_macro   0x00000000000168f7      0x20a ./Drivers/STM32L1xx_HAL_Driver/Src/stm32l1xx_hal.o
 .debug_macro   0x0000000000016b01      0x203 ./Drivers/STM32L1xx_HAL_Driver/Src/stm32l1xx_hal_adc.o
 .debug_macro   0x0000000000016d04      0x1e6 ./Drivers/STM32L1xx_HAL_Driver/Src/stm32l1xx_hal_cortex.o
 .debug_macro   0x0000000000016eea      0x1e6 ./Drivers/STM32L1xx_HAL_Driver/Src/stm32l1xx_hal_dma.o
 .debug_macro   0x00000000000170d0      0x1ed ./Drivers/STM32L1xx_HAL_Driver/Src/stm32l1xx_hal_gpio.o
 .debug_macro   0x00000000000172bd      0x234 ./Drivers/STM32L1xx_HAL_Driver/Src/stm32l1xx_hal_i2c.o
 .debug_macro   0x00000000000174f1      0x1f8 ./Drivers/STM32L1xx_HAL_Driver/Src/stm32l1xx_hal_rcc.o
 .debug_macro   0x00000000000176e9      0x1e6 ./Drivers/STM32L1xx_HAL_Driver/Src/stm32l1xx_hal_rcc_ex.o
 .debug_macro   0x00000000000178cf      0x1e7 ./Drivers/STM32L1xx_HAL_Driver/Src/stm32l1xx_hal_rtc.o
 .debug_macro   0x0000000000017ab6      0x1e6 ./Drivers/STM32L1xx_HAL_Driver/Src/stm32l1xx_hal_rtc_ex.o
 .debug_macro   0x0000000000017c9c      0x1e7 ./Drivers/STM32L1xx_HAL_Driver/Src/stm32l1xx_hal_tim.o
 .debug_macro   0x0000000000017e83      0x1e7 ./Drivers/STM32L1xx_HAL_Driver/Src/stm32l1xx_hal_uart.o

.debug_line     0x0000000000000000    0x146bb
 .debug_line    0x0000000000000000      0x993 ./Core/Src/i2cslave.o
 .debug_line    0x0000000000000993      0xcdd ./Core/Src/main.o
 .debug_line    0x0000000000001670      0xa8f ./Core/Src/memory_control.o
 .debug_line    0x00000000000020ff      0x87c ./Core/Src/stm32l1xx_hal_msp.o
 .debug_line    0x000000000000297b      0x82a ./Core/Src/stm32l1xx_it.o
 .debug_line    0x00000000000031a5      0x7c0 ./Core/Src/system_stm32l1xx.o
 .debug_line    0x0000000000003965       0x88 ./Core/Startup/startup_stm32l151r6txa.o
 .debug_line    0x00000000000039ed      0x9e3 ./Drivers/STM32L1xx_HAL_Driver/Src/stm32l1xx_hal.o
 .debug_line    0x00000000000043d0      0xfda ./Drivers/STM32L1xx_HAL_Driver/Src/stm32l1xx_hal_adc.o
 .debug_line    0x00000000000053aa      0xcb0 ./Drivers/STM32L1xx_HAL_Driver/Src/stm32l1xx_hal_cortex.o
 .debug_line    0x000000000000605a      0xc2d ./Drivers/STM32L1xx_HAL_Driver/Src/stm32l1xx_hal_dma.o
 .debug_line    0x0000000000006c87      0xa33 ./Drivers/STM32L1xx_HAL_Driver/Src/stm32l1xx_hal_gpio.o
 .debug_line    0x00000000000076ba     0x39ca ./Drivers/STM32L1xx_HAL_Driver/Src/stm32l1xx_hal_i2c.o
 .debug_line    0x000000000000b084      0xeeb ./Drivers/STM32L1xx_HAL_Driver/Src/stm32l1xx_hal_rcc.o
 .debug_line    0x000000000000bf6f      0x933 ./Drivers/STM32L1xx_HAL_Driver/Src/stm32l1xx_hal_rcc_ex.o
 .debug_line    0x000000000000c8a2     0x10f3 ./Drivers/STM32L1xx_HAL_Driver/Src/stm32l1xx_hal_rtc.o
 .debug_line    0x000000000000d995     0x14a7 ./Drivers/STM32L1xx_HAL_Driver/Src/stm32l1xx_hal_rtc_ex.o
 .debug_line    0x000000000000ee3c     0x2f6a ./Drivers/STM32L1xx_HAL_Driver/Src/stm32l1xx_hal_tim.o
 .debug_line    0x0000000000011da6     0x2915 ./Drivers/STM32L1xx_HAL_Driver/Src/stm32l1xx_hal_uart.o

.debug_str      0x0000000000000000    0x8ddb5
 .debug_str     0x0000000000000000    0x87f2d ./Core/Src/i2cslave.o
                                      0x88386 (size before relaxing)
 .debug_str     0x0000000000087f2d     0x1fa6 ./Core/Src/main.o
                                      0x8a45e (size before relaxing)
 .debug_str     0x0000000000089ed3       0xe6 ./Core/Src/memory_control.o
                                      0x85264 (size before relaxing)
 .debug_str     0x0000000000089fb9      0x5f3 ./Core/Src/stm32l1xx_hal_msp.o
                                      0x85a52 (size before relaxing)
 .debug_str     0x000000000008a5ac      0x14f ./Core/Src/stm32l1xx_it.o
                                      0x8501a (size before relaxing)
 .debug_str     0x000000000008a6fb       0x99 ./Core/Src/system_stm32l1xx.o
                                      0x8432e (size before relaxing)
 .debug_str     0x000000000008a794       0x37 ./Core/Startup/startup_stm32l151r6txa.o
                                         0x6e (size before relaxing)
 .debug_str     0x000000000008a7cb      0x2fc ./Drivers/STM32L1xx_HAL_Driver/Src/stm32l1xx_hal.o
                                      0x849b3 (size before relaxing)
 .debug_str     0x000000000008aac7      0x353 ./Drivers/STM32L1xx_HAL_Driver/Src/stm32l1xx_hal_adc.o
                                      0x84ac0 (size before relaxing)
 .debug_str     0x000000000008ae1a      0x3a7 ./Drivers/STM32L1xx_HAL_Driver/Src/stm32l1xx_hal_cortex.o
                                      0x84a8d (size before relaxing)
 .debug_str     0x000000000008b1c1      0x233 ./Drivers/STM32L1xx_HAL_Driver/Src/stm32l1xx_hal_dma.o
                                      0x846b3 (size before relaxing)
 .debug_str     0x000000000008b3f4      0x116 ./Drivers/STM32L1xx_HAL_Driver/Src/stm32l1xx_hal_gpio.o
                                      0x844c1 (size before relaxing)
 .debug_str     0x000000000008b50a      0xa00 ./Drivers/STM32L1xx_HAL_Driver/Src/stm32l1xx_hal_i2c.o
                                      0x8539f (size before relaxing)
 .debug_str     0x000000000008bf0a      0x24f ./Drivers/STM32L1xx_HAL_Driver/Src/stm32l1xx_hal_rcc.o
                                      0x847cf (size before relaxing)
 .debug_str     0x000000000008c159      0x116 ./Drivers/STM32L1xx_HAL_Driver/Src/stm32l1xx_hal_rcc_ex.o
                                      0x844bf (size before relaxing)
 .debug_str     0x000000000008c26f      0x2a5 ./Drivers/STM32L1xx_HAL_Driver/Src/stm32l1xx_hal_rtc.o
                                      0x84876 (size before relaxing)
 .debug_str     0x000000000008c514      0x518 ./Drivers/STM32L1xx_HAL_Driver/Src/stm32l1xx_hal_rtc_ex.o
                                      0x84b6c (size before relaxing)
 .debug_str     0x000000000008ca2c      0xd8d ./Drivers/STM32L1xx_HAL_Driver/Src/stm32l1xx_hal_tim.o
                                      0x85621 (size before relaxing)
 .debug_str     0x000000000008d7b9      0x5fc ./Drivers/STM32L1xx_HAL_Driver/Src/stm32l1xx_hal_uart.o
                                      0x84d93 (size before relaxing)

.comment        0x0000000000000000       0x50
 .comment       0x0000000000000000       0x50 ./Core/Src/i2cslave.o
                                         0x51 (size before relaxing)
 .comment       0x0000000000000050       0x51 ./Core/Src/main.o
 .comment       0x0000000000000050       0x51 ./Core/Src/memory_control.o
 .comment       0x0000000000000050       0x51 ./Core/Src/stm32l1xx_hal_msp.o
 .comment       0x0000000000000050       0x51 ./Core/Src/stm32l1xx_it.o
 .comment       0x0000000000000050       0x51 ./Core/Src/system_stm32l1xx.o
 .comment       0x0000000000000050       0x51 ./Drivers/STM32L1xx_HAL_Driver/Src/stm32l1xx_hal.o
 .comment       0x0000000000000050       0x51 ./Drivers/STM32L1xx_HAL_Driver/Src/stm32l1xx_hal_adc.o
 .comment       0x0000000000000050       0x51 ./Drivers/STM32L1xx_HAL_Driver/Src/stm32l1xx_hal_cortex.o
 .comment       0x0000000000000050       0x51 ./Drivers/STM32L1xx_HAL_Driver/Src/stm32l1xx_hal_dma.o
 .comment       0x0000000000000050       0x51 ./Drivers/STM32L1xx_HAL_Driver/Src/stm32l1xx_hal_gpio.o
 .comment       0x0000000000000050       0x51 ./Drivers/STM32L1xx_HAL_Driver/Src/stm32l1xx_hal_i2c.o
 .comment       0x0000000000000050       0x51 ./Drivers/STM32L1xx_HAL_Driver/Src/stm32l1xx_hal_rcc.o
 .comment       0x0000000000000050       0x51 ./Drivers/STM32L1xx_HAL_Driver/Src/stm32l1xx_hal_rcc_ex.o
 .comment       0x0000000000000050       0x51 ./Drivers/STM32L1xx_HAL_Driver/Src/stm32l1xx_hal_rtc.o
 .comment       0x0000000000000050       0x51 ./Drivers/STM32L1xx_HAL_Driver/Src/stm32l1xx_hal_rtc_ex.o
 .comment       0x0000000000000050       0x51 ./Drivers/STM32L1xx_HAL_Driver/Src/stm32l1xx_hal_tim.o
 .comment       0x0000000000000050       0x51 ./Drivers/STM32L1xx_HAL_Driver/Src/stm32l1xx_hal_uart.o

.debug_frame    0x0000000000000000     0x4be4
 .debug_frame   0x0000000000000000       0xe4 ./Core/Src/i2cslave.o
 .debug_frame   0x00000000000000e4      0x17c ./Core/Src/main.o
 .debug_frame   0x0000000000000260      0x208 ./Core/Src/memory_control.o
 .debug_frame   0x0000000000000468      0x1a8 ./Core/Src/stm32l1xx_hal_msp.o
 .debug_frame   0x0000000000000610      0x158 ./Core/Src/stm32l1xx_it.o
 .debug_frame   0x0000000000000768       0x58 ./Core/Src/system_stm32l1xx.o
 .debug_frame   0x00000000000007c0      0x33c ./Drivers/STM32L1xx_HAL_Driver/Src/stm32l1xx_hal.o
 .debug_frame   0x0000000000000afc      0x40c ./Drivers/STM32L1xx_HAL_Driver/Src/stm32l1xx_hal_adc.o
 .debug_frame   0x0000000000000f08      0x498 ./Drivers/STM32L1xx_HAL_Driver/Src/stm32l1xx_hal_cortex.o
 .debug_frame   0x00000000000013a0      0x204 ./Drivers/STM32L1xx_HAL_Driver/Src/stm32l1xx_hal_dma.o
 .debug_frame   0x00000000000015a4      0x14c ./Drivers/STM32L1xx_HAL_Driver/Src/stm32l1xx_hal_gpio.o
 .debug_frame   0x00000000000016f0      0xc84 ./Drivers/STM32L1xx_HAL_Driver/Src/stm32l1xx_hal_i2c.o
 .debug_frame   0x0000000000002374      0x224 ./Drivers/STM32L1xx_HAL_Driver/Src/stm32l1xx_hal_rcc.o
 .debug_frame   0x0000000000002598      0x120 ./Drivers/STM32L1xx_HAL_Driver/Src/stm32l1xx_hal_rcc_ex.o
 .debug_frame   0x00000000000026b8      0x3f4 ./Drivers/STM32L1xx_HAL_Driver/Src/stm32l1xx_hal_rtc.o
 .debug_frame   0x0000000000002aac      0x594 ./Drivers/STM32L1xx_HAL_Driver/Src/stm32l1xx_hal_rtc_ex.o
 .debug_frame   0x0000000000003040     0x11b4 ./Drivers/STM32L1xx_HAL_Driver/Src/stm32l1xx_hal_tim.o
 .debug_frame   0x00000000000041f4      0x944 ./Drivers/STM32L1xx_HAL_Driver/Src/stm32l1xx_hal_uart.o
 .debug_frame   0x0000000000004b38       0x2c c:/st/stm32cubeide_1.6.1/stm32cubeide/plugins/com.st.stm32cube.ide.mcu.externaltools.gnu-tools-for-stm32.10.3-2021.10.win32_1.0.200.202301161003/tools/bin/../lib/gcc/arm-none-eabi/10.3.1/../../../../arm-none-eabi/lib/thumb/v7-m/nofp\libc_nano.a(lib_a-init.o)
 .debug_frame   0x0000000000004b64       0x20 c:/st/stm32cubeide_1.6.1/stm32cubeide/plugins/com.st.stm32cube.ide.mcu.externaltools.gnu-tools-for-stm32.10.3-2021.10.win32_1.0.200.202301161003/tools/bin/../lib/gcc/arm-none-eabi/10.3.1/../../../../arm-none-eabi/lib/thumb/v7-m/nofp\libc_nano.a(lib_a-memset.o)
 .debug_frame   0x0000000000004b84       0x2c c:/st/stm32cubeide_1.6.1/stm32cubeide/plugins/com.st.stm32cube.ide.mcu.externaltools.gnu-tools-for-stm32.10.3-2021.10.win32_1.0.200.202301161003/tools/bin/../lib/gcc/arm-none-eabi/10.3.1/thumb/v7-m/nofp\libgcc.a(_aeabi_uldivmod.o)
 .debug_frame   0x0000000000004bb0       0x34 c:/st/stm32cubeide_1.6.1/stm32cubeide/plugins/com.st.stm32cube.ide.mcu.externaltools.gnu-tools-for-stm32.10.3-2021.10.win32_1.0.200.202301161003/tools/bin/../lib/gcc/arm-none-eabi/10.3.1/thumb/v7-m/nofp\libgcc.a(_udivmoddi4.o)
