Archive member included to satisfy reference by file (symbol)

/Applications/STM32CubeIDE.app/Contents/Eclipse/plugins/com.st.stm32cube.ide.mcu.externaltools.gnu-tools-for-stm32.10.3-2021.10.macos64_1.0.0.202111181127/tools/bin/../lib/gcc/arm-none-eabi/10.3.1/../../../../arm-none-eabi/lib/thumb/v7-m/nofp/libc_nano.a(lib_a-errno.o)
                              ./Core/Src/syscalls.o (__errno)
/Applications/STM32CubeIDE.app/Contents/Eclipse/plugins/com.st.stm32cube.ide.mcu.externaltools.gnu-tools-for-stm32.10.3-2021.10.macos64_1.0.0.202111181127/tools/bin/../lib/gcc/arm-none-eabi/10.3.1/../../../../arm-none-eabi/lib/thumb/v7-m/nofp/libc_nano.a(lib_a-exit.o)
                              /Applications/STM32CubeIDE.app/Contents/Eclipse/plugins/com.st.stm32cube.ide.mcu.externaltools.gnu-tools-for-stm32.10.3-2021.10.macos64_1.0.0.202111181127/tools/bin/../lib/gcc/arm-none-eabi/10.3.1/../../../../arm-none-eabi/lib/thumb/v7-m/nofp/crt0.o (exit)
/Applications/STM32CubeIDE.app/Contents/Eclipse/plugins/com.st.stm32cube.ide.mcu.externaltools.gnu-tools-for-stm32.10.3-2021.10.macos64_1.0.0.202111181127/tools/bin/../lib/gcc/arm-none-eabi/10.3.1/../../../../arm-none-eabi/lib/thumb/v7-m/nofp/libc_nano.a(lib_a-impure.o)
                              /Applications/STM32CubeIDE.app/Contents/Eclipse/plugins/com.st.stm32cube.ide.mcu.externaltools.gnu-tools-for-stm32.10.3-2021.10.macos64_1.0.0.202111181127/tools/bin/../lib/gcc/arm-none-eabi/10.3.1/../../../../arm-none-eabi/lib/thumb/v7-m/nofp/libc_nano.a(lib_a-exit.o) (_global_impure_ptr)
/Applications/STM32CubeIDE.app/Contents/Eclipse/plugins/com.st.stm32cube.ide.mcu.externaltools.gnu-tools-for-stm32.10.3-2021.10.macos64_1.0.0.202111181127/tools/bin/../lib/gcc/arm-none-eabi/10.3.1/../../../../arm-none-eabi/lib/thumb/v7-m/nofp/libc_nano.a(lib_a-init.o)
                              /Applications/STM32CubeIDE.app/Contents/Eclipse/plugins/com.st.stm32cube.ide.mcu.externaltools.gnu-tools-for-stm32.10.3-2021.10.macos64_1.0.0.202111181127/tools/bin/../lib/gcc/arm-none-eabi/10.3.1/../../../../arm-none-eabi/lib/thumb/v7-m/nofp/crt0.o (__libc_init_array)
/Applications/STM32CubeIDE.app/Contents/Eclipse/plugins/com.st.stm32cube.ide.mcu.externaltools.gnu-tools-for-stm32.10.3-2021.10.macos64_1.0.0.202111181127/tools/bin/../lib/gcc/arm-none-eabi/10.3.1/../../../../arm-none-eabi/lib/thumb/v7-m/nofp/libc_nano.a(lib_a-memset.o)
                              /Applications/STM32CubeIDE.app/Contents/Eclipse/plugins/com.st.stm32cube.ide.mcu.externaltools.gnu-tools-for-stm32.10.3-2021.10.macos64_1.0.0.202111181127/tools/bin/../lib/gcc/arm-none-eabi/10.3.1/../../../../arm-none-eabi/lib/thumb/v7-m/nofp/crt0.o (memset)
/Applications/STM32CubeIDE.app/Contents/Eclipse/plugins/com.st.stm32cube.ide.mcu.externaltools.gnu-tools-for-stm32.10.3-2021.10.macos64_1.0.0.202111181127/tools/bin/../lib/gcc/arm-none-eabi/10.3.1/thumb/v7-m/nofp/libgcc.a(_arm_muldf3.o)
                              ./Core/Src/main.o (__aeabi_dmul)
/Applications/STM32CubeIDE.app/Contents/Eclipse/plugins/com.st.stm32cube.ide.mcu.externaltools.gnu-tools-for-stm32.10.3-2021.10.macos64_1.0.0.202111181127/tools/bin/../lib/gcc/arm-none-eabi/10.3.1/thumb/v7-m/nofp/libgcc.a(_arm_addsubdf3.o)
                              ./Core/Src/main.o (__aeabi_ui2d)
/Applications/STM32CubeIDE.app/Contents/Eclipse/plugins/com.st.stm32cube.ide.mcu.externaltools.gnu-tools-for-stm32.10.3-2021.10.macos64_1.0.0.202111181127/tools/bin/../lib/gcc/arm-none-eabi/10.3.1/thumb/v7-m/nofp/libgcc.a(_arm_fixunsdfsi.o)
                              ./Core/Src/main.o (__aeabi_d2uiz)
/Applications/STM32CubeIDE.app/Contents/Eclipse/plugins/com.st.stm32cube.ide.mcu.externaltools.gnu-tools-for-stm32.10.3-2021.10.macos64_1.0.0.202111181127/tools/bin/../lib/gcc/arm-none-eabi/10.3.1/thumb/v7-m/nofp/libgcc.a(_aeabi_uldivmod.o)
                              ./Drivers/STM32L1xx_HAL_Driver/Src/stm32l1xx_hal_rcc.o (__aeabi_uldivmod)
/Applications/STM32CubeIDE.app/Contents/Eclipse/plugins/com.st.stm32cube.ide.mcu.externaltools.gnu-tools-for-stm32.10.3-2021.10.macos64_1.0.0.202111181127/tools/bin/../lib/gcc/arm-none-eabi/10.3.1/thumb/v7-m/nofp/libgcc.a(_udivmoddi4.o)
                              /Applications/STM32CubeIDE.app/Contents/Eclipse/plugins/com.st.stm32cube.ide.mcu.externaltools.gnu-tools-for-stm32.10.3-2021.10.macos64_1.0.0.202111181127/tools/bin/../lib/gcc/arm-none-eabi/10.3.1/thumb/v7-m/nofp/libgcc.a(_aeabi_uldivmod.o) (__udivmoddi4)
/Applications/STM32CubeIDE.app/Contents/Eclipse/plugins/com.st.stm32cube.ide.mcu.externaltools.gnu-tools-for-stm32.10.3-2021.10.macos64_1.0.0.202111181127/tools/bin/../lib/gcc/arm-none-eabi/10.3.1/thumb/v7-m/nofp/libgcc.a(_dvmd_tls.o)
                              /Applications/STM32CubeIDE.app/Contents/Eclipse/plugins/com.st.stm32cube.ide.mcu.externaltools.gnu-tools-for-stm32.10.3-2021.10.macos64_1.0.0.202111181127/tools/bin/../lib/gcc/arm-none-eabi/10.3.1/thumb/v7-m/nofp/libgcc.a(_aeabi_uldivmod.o) (__aeabi_ldiv0)

Discarded input sections

[...]
Memory Configuration

Name             Origin             Length             Attributes
RAM              0x0000000020000000 0x0000000000004000 xrw
FLASH            0x0000000008000000 0x0000000000008000 xr
*default*        0x0000000000000000 0xffffffffffffffff

Linker script and memory map

LOAD /Applications/STM32CubeIDE.app/Contents/Eclipse/plugins/com.st.stm32cube.ide.mcu.externaltools.gnu-tools-for-stm32.10.3-2021.10.macos64_1.0.0.202111181127/tools/bin/../lib/gcc/arm-none-eabi/10.3.1/thumb/v7-m/nofp/crti.o
LOAD /Applications/STM32CubeIDE.app/Contents/Eclipse/plugins/com.st.stm32cube.ide.mcu.externaltools.gnu-tools-for-stm32.10.3-2021.10.macos64_1.0.0.202111181127/tools/bin/../lib/gcc/arm-none-eabi/10.3.1/thumb/v7-m/nofp/crtbegin.o
LOAD /Applications/STM32CubeIDE.app/Contents/Eclipse/plugins/com.st.stm32cube.ide.mcu.externaltools.gnu-tools-for-stm32.10.3-2021.10.macos64_1.0.0.202111181127/tools/bin/../lib/gcc/arm-none-eabi/10.3.1/../../../../arm-none-eabi/lib/thumb/v7-m/nofp/crt0.o
LOAD ./Core/Src/main.o
LOAD ./Core/Src/memory_control.o
LOAD ./Core/Src/stm32l1xx_hal_msp.o
LOAD ./Core/Src/stm32l1xx_it.o
LOAD ./Core/Src/syscalls.o
LOAD ./Core/Src/sysmem.o
LOAD ./Core/Src/system_stm32l1xx.o
LOAD ./Core/Startup/startup_stm32l151r6txa.o
LOAD ./Drivers/STM32L1xx_HAL_Driver/Src/stm32l1xx_hal.o
LOAD ./Drivers/STM32L1xx_HAL_Driver/Src/stm32l1xx_hal_adc.o
LOAD ./Drivers/STM32L1xx_HAL_Driver/Src/stm32l1xx_hal_adc_ex.o
LOAD ./Drivers/STM32L1xx_HAL_Driver/Src/stm32l1xx_hal_cortex.o
LOAD ./Drivers/STM32L1xx_HAL_Driver/Src/stm32l1xx_hal_dma.o
LOAD ./Drivers/STM32L1xx_HAL_Driver/Src/stm32l1xx_hal_exti.o
LOAD ./Drivers/STM32L1xx_HAL_Driver/Src/stm32l1xx_hal_flash.o
LOAD ./Drivers/STM32L1xx_HAL_Driver/Src/stm32l1xx_hal_flash_ex.o
LOAD ./Drivers/STM32L1xx_HAL_Driver/Src/stm32l1xx_hal_flash_ramfunc.o
LOAD ./Drivers/STM32L1xx_HAL_Driver/Src/stm32l1xx_hal_gpio.o
LOAD ./Drivers/STM32L1xx_HAL_Driver/Src/stm32l1xx_hal_i2c.o
LOAD ./Drivers/STM32L1xx_HAL_Driver/Src/stm32l1xx_hal_pwr.o
LOAD ./Drivers/STM32L1xx_HAL_Driver/Src/stm32l1xx_hal_pwr_ex.o
LOAD ./Drivers/STM32L1xx_HAL_Driver/Src/stm32l1xx_hal_rcc.o
LOAD ./Drivers/STM32L1xx_HAL_Driver/Src/stm32l1xx_hal_rcc_ex.o
LOAD ./Drivers/STM32L1xx_HAL_Driver/Src/stm32l1xx_hal_rtc.o
LOAD ./Drivers/STM32L1xx_HAL_Driver/Src/stm32l1xx_hal_rtc_ex.o
LOAD ./Drivers/STM32L1xx_HAL_Driver/Src/stm32l1xx_hal_tim.o
LOAD ./Drivers/STM32L1xx_HAL_Driver/Src/stm32l1xx_hal_tim_ex.o
LOAD ./Drivers/STM32L1xx_HAL_Driver/Src/stm32l1xx_hal_uart.o
START GROUP
LOAD /Applications/STM32CubeIDE.app/Contents/Eclipse/plugins/com.st.stm32cube.ide.mcu.externaltools.gnu-tools-for-stm32.10.3-2021.10.macos64_1.0.0.202111181127/tools/bin/../lib/gcc/arm-none-eabi/10.3.1/../../../../arm-none-eabi/lib/thumb/v7-m/nofp/libstdc++_nano.a
LOAD /Applications/STM32CubeIDE.app/Contents/Eclipse/plugins/com.st.stm32cube.ide.mcu.externaltools.gnu-tools-for-stm32.10.3-2021.10.macos64_1.0.0.202111181127/tools/bin/../lib/gcc/arm-none-eabi/10.3.1/../../../../arm-none-eabi/lib/thumb/v7-m/nofp/libsupc++_nano.a
END GROUP
LOAD /Applications/STM32CubeIDE.app/Contents/Eclipse/plugins/com.st.stm32cube.ide.mcu.externaltools.gnu-tools-for-stm32.10.3-2021.10.macos64_1.0.0.202111181127/tools/bin/../lib/gcc/arm-none-eabi/10.3.1/../../../../arm-none-eabi/lib/thumb/v7-m/nofp/libstdc++_nano.a
LOAD /Applications/STM32CubeIDE.app/Contents/Eclipse/plugins/com.st.stm32cube.ide.mcu.externaltools.gnu-tools-for-stm32.10.3-2021.10.macos64_1.0.0.202111181127/tools/bin/../lib/gcc/arm-none-eabi/10.3.1/../../../../arm-none-eabi/lib/thumb/v7-m/nofp/libm.a
LOAD /Applications/STM32CubeIDE.app/Contents/Eclipse/plugins/com.st.stm32cube.ide.mcu.externaltools.gnu-tools-for-stm32.10.3-2021.10.macos64_1.0.0.202111181127/tools/bin/../lib/gcc/arm-none-eabi/10.3.1/../../../../arm-none-eabi/lib/thumb/v7-m/nofp/libc_nano.a
START GROUP
LOAD /Applications/STM32CubeIDE.app/Contents/Eclipse/plugins/com.st.stm32cube.ide.mcu.externaltools.gnu-tools-for-stm32.10.3-2021.10.macos64_1.0.0.202111181127/tools/bin/../lib/gcc/arm-none-eabi/10.3.1/thumb/v7-m/nofp/libgcc.a
LOAD /Applications/STM32CubeIDE.app/Contents/Eclipse/plugins/com.st.stm32cube.ide.mcu.externaltools.gnu-tools-for-stm32.10.3-2021.10.macos64_1.0.0.202111181127/tools/bin/../lib/gcc/arm-none-eabi/10.3.1/../../../../arm-none-eabi/lib/thumb/v7-m/nofp/libc_nano.a
END GROUP
START GROUP
LOAD /Applications/STM32CubeIDE.app/Contents/Eclipse/plugins/com.st.stm32cube.ide.mcu.externaltools.gnu-tools-for-stm32.10.3-2021.10.macos64_1.0.0.202111181127/tools/bin/../lib/gcc/arm-none-eabi/10.3.1/thumb/v7-m/nofp/libgcc.a
LOAD /Applications/STM32CubeIDE.app/Contents/Eclipse/plugins/com.st.stm32cube.ide.mcu.externaltools.gnu-tools-for-stm32.10.3-2021.10.macos64_1.0.0.202111181127/tools/bin/../lib/gcc/arm-none-eabi/10.3.1/../../../../arm-none-eabi/lib/thumb/v7-m/nofp/libc_nano.a
LOAD /Applications/STM32CubeIDE.app/Contents/Eclipse/plugins/com.st.stm32cube.ide.mcu.externaltools.gnu-tools-for-stm32.10.3-2021.10.macos64_1.0.0.202111181127/tools/bin/../lib/gcc/arm-none-eabi/10.3.1/../../../../arm-none-eabi/lib/thumb/v7-m/nofp/libnosys.a
END GROUP
START GROUP
LOAD /Applications/STM32CubeIDE.app/Contents/Eclipse/plugins/com.st.stm32cube.ide.mcu.externaltools.gnu-tools-for-stm32.10.3-2021.10.macos64_1.0.0.202111181127/tools/bin/../lib/gcc/arm-none-eabi/10.3.1/thumb/v7-m/nofp/libgcc.a
LOAD /Applications/STM32CubeIDE.app/Contents/Eclipse/plugins/com.st.stm32cube.ide.mcu.externaltools.gnu-tools-for-stm32.10.3-2021.10.macos64_1.0.0.202111181127/tools/bin/../lib/gcc/arm-none-eabi/10.3.1/../../../../arm-none-eabi/lib/thumb/v7-m/nofp/libc_nano.a
LOAD /Applications/STM32CubeIDE.app/Contents/Eclipse/plugins/com.st.stm32cube.ide.mcu.externaltools.gnu-tools-for-stm32.10.3-2021.10.macos64_1.0.0.202111181127/tools/bin/../lib/gcc/arm-none-eabi/10.3.1/../../../../arm-none-eabi/lib/thumb/v7-m/nofp/libnosys.a
END GROUP
LOAD /Applications/STM32CubeIDE.app/Contents/Eclipse/plugins/com.st.stm32cube.ide.mcu.externaltools.gnu-tools-for-stm32.10.3-2021.10.macos64_1.0.0.202111181127/tools/bin/../lib/gcc/arm-none-eabi/10.3.1/thumb/v7-m/nofp/crtend.o
LOAD /Applications/STM32CubeIDE.app/Contents/Eclipse/plugins/com.st.stm32cube.ide.mcu.externaltools.gnu-tools-for-stm32.10.3-2021.10.macos64_1.0.0.202111181127/tools/bin/../lib/gcc/arm-none-eabi/10.3.1/thumb/v7-m/nofp/crtn.o
                0x0000000020004000                _estack = (ORIGIN (RAM) + LENGTH (RAM))
                0x0000000000000200                _Min_Heap_Size = 0x200
                0x0000000000000400                _Min_Stack_Size = 0x400

.isr_vector     0x0000000008000000      0x13c
                0x0000000008000000                . = ALIGN (0x4)
 *(.isr_vector)
 .isr_vector    0x0000000008000000      0x13c ./Core/Startup/startup_stm32l151r6txa.o
                0x0000000008000000                g_pfnVectors
                0x000000000800013c                . = ALIGN (0x4)

.text           0x000000000800013c     0x39a8
                0x000000000800013c                . = ALIGN (0x4)
 *(.text)
 .text          0x000000000800013c       0x40 /Applications/STM32CubeIDE.app/Contents/Eclipse/plugins/com.st.stm32cube.ide.mcu.externaltools.gnu-tools-for-stm32.10.3-2021.10.macos64_1.0.0.202111181127/tools/bin/../lib/gcc/arm-none-eabi/10.3.1/thumb/v7-m/nofp/crtbegin.o
 .text          0x000000000800017c       0x30 /Applications/STM32CubeIDE.app/Contents/Eclipse/plugins/com.st.stm32cube.ide.mcu.externaltools.gnu-tools-for-stm32.10.3-2021.10.macos64_1.0.0.202111181127/tools/bin/../lib/gcc/arm-none-eabi/10.3.1/thumb/v7-m/nofp/libgcc.a(_aeabi_uldivmod.o)
                0x000000000800017c                __aeabi_uldivmod
 .text          0x00000000080001ac      0x2d4 /Applications/STM32CubeIDE.app/Contents/Eclipse/plugins/com.st.stm32cube.ide.mcu.externaltools.gnu-tools-for-stm32.10.3-2021.10.macos64_1.0.0.202111181127/tools/bin/../lib/gcc/arm-none-eabi/10.3.1/thumb/v7-m/nofp/libgcc.a(_udivmoddi4.o)
                0x00000000080001ac                __udivmoddi4
 .text          0x0000000008000480        0x4 /Applications/STM32CubeIDE.app/Contents/Eclipse/plugins/com.st.stm32cube.ide.mcu.externaltools.gnu-tools-for-stm32.10.3-2021.10.macos64_1.0.0.202111181127/tools/bin/../lib/gcc/arm-none-eabi/10.3.1/thumb/v7-m/nofp/libgcc.a(_dvmd_tls.o)
                0x0000000008000480                __aeabi_ldiv0
                0x0000000008000480                __aeabi_idiv0
 *(.text*)
 .text._Z11stop_for_msm
                0x0000000008000484       0x3c ./Core/Src/main.o
                0x0000000008000484                stop_for_ms(unsigned long)
 .text.main     0x00000000080004c0       0xe4 ./Core/Src/main.o
                0x00000000080004c0                main
 .text._Z18SystemClock_Configv
                0x00000000080005a4       0xe4 ./Core/Src/main.o
                0x00000000080005a4                SystemClock_Config()
 .text._ZL11MX_ADC_Initv
                0x0000000008000688       0xc4 ./Core/Src/main.o
 .text._ZL12MX_I2C1_Initv
                0x000000000800074c       0x68 ./Core/Src/main.o
 .text._ZL11MX_RTC_Initv
                0x00000000080007b4       0xf0 ./Core/Src/main.o
 .text._ZL13MX_TIM10_Initv
                0x00000000080008a4       0x88 ./Core/Src/main.o
 .text._ZL19MX_USART1_UART_Initv
                0x000000000800092c       0x60 ./Core/Src/main.o
 .text._ZL12MX_GPIO_Initv
                0x000000000800098c      0x114 ./Core/Src/main.o
 .text.Error_Handler
                0x0000000008000aa0        0xa ./Core/Src/main.o
                0x0000000008000aa0                Error_Handler
 *fill*         0x0000000008000aaa        0x2 
 .text._Z14Set_IO_Outputsv
                0x0000000008000aac       0x30 ./Core/Src/memory_control.o
                0x0000000008000aac                Set_IO_Outputs()
 .text._Z13Set_IO_Inputsv
                0x0000000008000adc       0x2c ./Core/Src/memory_control.o
                0x0000000008000adc                Set_IO_Inputs()
 .text._ZN16MemoryControllerC2EP12GPIO_TypeDeft
                0x0000000008000b08       0x32 ./Core/Src/memory_control.o
                0x0000000008000b08                MemoryController::MemoryController(GPIO_TypeDef*, unsigned short)
                0x0000000008000b08                MemoryController::MemoryController(GPIO_TypeDef*, unsigned short)
 *fill*         0x0000000008000b3a        0x2 
 .text._ZN16MemoryController5writeEmh
                0x0000000008000b3c       0x7c ./Core/Src/memory_control.o
                0x0000000008000b3c                MemoryController::write(unsigned long, unsigned char)
 .text._ZN16MemoryController4readEm
                0x0000000008000bb8       0x74 ./Core/Src/memory_control.o
                0x0000000008000bb8                MemoryController::read(unsigned long)
 .text._ZN16MemoryController8set_addrEm
                0x0000000008000c2c       0x50 ./Core/Src/memory_control.o
                0x0000000008000c2c                MemoryController::set_addr(unsigned long)
 .text._ZN16MemoryController5clearEv
                0x0000000008000c7c       0x18 ./Core/Src/memory_control.o
                0x0000000008000c7c                MemoryController::clear()
 .text._ZN16MemoryController5floodEh
                0x0000000008000c94       0xdc ./Core/Src/memory_control.o
                0x0000000008000c94                MemoryController::flood(unsigned char)
 .text._ZN16MemoryController6enableEv
                0x0000000008000d70       0x26 ./Core/Src/memory_control.o
                0x0000000008000d70                MemoryController::enable()
 *fill*         0x0000000008000d96        0x2 
 .text.HAL_MspInit
                0x0000000008000d98       0x5c ./Core/Src/stm32l1xx_hal_msp.o
                0x0000000008000d98                HAL_MspInit
 .text.HAL_ADC_MspInit
                0x0000000008000df4       0x80 ./Core/Src/stm32l1xx_hal_msp.o
                0x0000000008000df4                HAL_ADC_MspInit
 .text.HAL_I2C_MspInit
                0x0000000008000e74       0x88 ./Core/Src/stm32l1xx_hal_msp.o
                0x0000000008000e74                HAL_I2C_MspInit
 .text.HAL_RTC_MspInit
                0x0000000008000efc       0x38 ./Core/Src/stm32l1xx_hal_msp.o
                0x0000000008000efc                HAL_RTC_MspInit
 .text.HAL_TIM_Base_MspInit
                0x0000000008000f34       0x3c ./Core/Src/stm32l1xx_hal_msp.o
                0x0000000008000f34                HAL_TIM_Base_MspInit
 .text.HAL_UART_MspInit
                0x0000000008000f70       0x88 ./Core/Src/stm32l1xx_hal_msp.o
                0x0000000008000f70                HAL_UART_MspInit
 .text.NMI_Handler
                0x0000000008000ff8        0x6 ./Core/Src/stm32l1xx_it.o
                0x0000000008000ff8                NMI_Handler
 .text.HardFault_Handler
                0x0000000008000ffe        0x6 ./Core/Src/stm32l1xx_it.o
                0x0000000008000ffe                HardFault_Handler
 .text.MemManage_Handler
                0x0000000008001004        0x6 ./Core/Src/stm32l1xx_it.o
                0x0000000008001004                MemManage_Handler
 .text.BusFault_Handler
                0x000000000800100a        0x6 ./Core/Src/stm32l1xx_it.o
                0x000000000800100a                BusFault_Handler
 .text.UsageFault_Handler
                0x0000000008001010        0x6 ./Core/Src/stm32l1xx_it.o
                0x0000000008001010                UsageFault_Handler
 .text.SVC_Handler
                0x0000000008001016        0xc ./Core/Src/stm32l1xx_it.o
                0x0000000008001016                SVC_Handler
 .text.DebugMon_Handler
                0x0000000008001022        0xc ./Core/Src/stm32l1xx_it.o
                0x0000000008001022                DebugMon_Handler
 .text.PendSV_Handler
                0x000000000800102e        0xc ./Core/Src/stm32l1xx_it.o
                0x000000000800102e                PendSV_Handler
 .text.SysTick_Handler
                0x000000000800103a        0xc ./Core/Src/stm32l1xx_it.o
                0x000000000800103a                SysTick_Handler
 *fill*         0x0000000008001046        0x2 
 .text.RTC_WKUP_IRQHandler
                0x0000000008001048       0x14 ./Core/Src/stm32l1xx_it.o
                0x0000000008001048                RTC_WKUP_IRQHandler
 .text.SystemInit
                0x000000000800105c        0xc ./Core/Src/system_stm32l1xx.o
                0x000000000800105c                SystemInit
 .text.Reset_Handler
                0x0000000008001068       0x48 ./Core/Startup/startup_stm32l151r6txa.o
                0x0000000008001068                Reset_Handler
 .text.Default_Handler
                0x00000000080010b0        0x2 ./Core/Startup/startup_stm32l151r6txa.o
                0x00000000080010b0                I2C1_ER_IRQHandler
                0x00000000080010b0                EXTI2_IRQHandler
                0x00000000080010b0                TIM10_IRQHandler
                0x00000000080010b0                USB_HP_IRQHandler
                0x00000000080010b0                TIM6_IRQHandler
                0x00000000080010b0                PVD_IRQHandler
                0x00000000080010b0                EXTI3_IRQHandler
                0x00000000080010b0                EXTI0_IRQHandler
                0x00000000080010b0                I2C2_EV_IRQHandler
                0x00000000080010b0                SPI1_IRQHandler
                0x00000000080010b0                USB_FS_WKUP_IRQHandler
                0x00000000080010b0                DMA1_Channel4_IRQHandler
                0x00000000080010b0                ADC1_IRQHandler
                0x00000000080010b0                USART3_IRQHandler
                0x00000000080010b0                DMA1_Channel7_IRQHandler
                0x00000000080010b0                TIM4_IRQHandler
                0x00000000080010b0                I2C1_EV_IRQHandler
                0x00000000080010b0                DMA1_Channel6_IRQHandler
                0x00000000080010b0                TIM3_IRQHandler
                0x00000000080010b0                RCC_IRQHandler
                0x00000000080010b0                DMA1_Channel1_IRQHandler
                0x00000000080010b0                Default_Handler
                0x00000000080010b0                EXTI15_10_IRQHandler
                0x00000000080010b0                TIM7_IRQHandler
                0x00000000080010b0                EXTI9_5_IRQHandler
                0x00000000080010b0                TIM9_IRQHandler
                0x00000000080010b0                TAMPER_STAMP_IRQHandler
                0x00000000080010b0                SPI2_IRQHandler
                0x00000000080010b0                DMA1_Channel5_IRQHandler
                0x00000000080010b0                USB_LP_IRQHandler
                0x00000000080010b0                EXTI4_IRQHandler
                0x00000000080010b0                DMA1_Channel3_IRQHandler
                0x00000000080010b0                COMP_IRQHandler
                0x00000000080010b0                WWDG_IRQHandler
                0x00000000080010b0                TIM2_IRQHandler
                0x00000000080010b0                DAC_IRQHandler
                0x00000000080010b0                EXTI1_IRQHandler
                0x00000000080010b0                TIM11_IRQHandler
                0x00000000080010b0                USART2_IRQHandler
                0x00000000080010b0                I2C2_ER_IRQHandler
                0x00000000080010b0                DMA1_Channel2_IRQHandler
                0x00000000080010b0                FLASH_IRQHandler
                0x00000000080010b0                USART1_IRQHandler
                0x00000000080010b0                RTC_Alarm_IRQHandler
 .text.HAL_Init
                0x00000000080010b2       0x30 ./Drivers/STM32L1xx_HAL_Driver/Src/stm32l1xx_hal.o
                0x00000000080010b2                HAL_Init
 *fill*         0x00000000080010e2        0x2 
 .text.HAL_InitTick
                0x00000000080010e4       0x74 ./Drivers/STM32L1xx_HAL_Driver/Src/stm32l1xx_hal.o
                0x00000000080010e4                HAL_InitTick
 .text.HAL_IncTick
                0x0000000008001158       0x24 ./Drivers/STM32L1xx_HAL_Driver/Src/stm32l1xx_hal.o
                0x0000000008001158                HAL_IncTick
 .text.HAL_GetTick
                0x000000000800117c       0x14 ./Drivers/STM32L1xx_HAL_Driver/Src/stm32l1xx_hal.o
                0x000000000800117c                HAL_GetTick
 .text.HAL_SuspendTick
                0x0000000008001190       0x1c ./Drivers/STM32L1xx_HAL_Driver/Src/stm32l1xx_hal.o
                0x0000000008001190                HAL_SuspendTick
 .text.HAL_ResumeTick
                0x00000000080011ac       0x1c ./Drivers/STM32L1xx_HAL_Driver/Src/stm32l1xx_hal.o
                0x00000000080011ac                HAL_ResumeTick
 .text.HAL_ADC_Init
                0x00000000080011c8      0x28c ./Drivers/STM32L1xx_HAL_Driver/Src/stm32l1xx_hal_adc.o
                0x00000000080011c8                HAL_ADC_Init
 .text.HAL_ADC_ConfigChannel
                0x0000000008001454      0x2a0 ./Drivers/STM32L1xx_HAL_Driver/Src/stm32l1xx_hal_adc.o
                0x0000000008001454                HAL_ADC_ConfigChannel
 .text.__NVIC_SetPriorityGrouping
                0x00000000080016f4       0x48 ./Drivers/STM32L1xx_HAL_Driver/Src/stm32l1xx_hal_cortex.o
 .text.__NVIC_GetPriorityGrouping
                0x000000000800173c       0x1c ./Drivers/STM32L1xx_HAL_Driver/Src/stm32l1xx_hal_cortex.o
 .text.__NVIC_EnableIRQ
                0x0000000008001758       0x38 ./Drivers/STM32L1xx_HAL_Driver/Src/stm32l1xx_hal_cortex.o
 .text.__NVIC_SetPriority
                0x0000000008001790       0x54 ./Drivers/STM32L1xx_HAL_Driver/Src/stm32l1xx_hal_cortex.o
 .text.NVIC_EncodePriority
                0x00000000080017e4       0x64 ./Drivers/STM32L1xx_HAL_Driver/Src/stm32l1xx_hal_cortex.o
 .text.SysTick_Config
                0x0000000008001848       0x44 ./Drivers/STM32L1xx_HAL_Driver/Src/stm32l1xx_hal_cortex.o
 .text.HAL_NVIC_SetPriorityGrouping
                0x000000000800188c       0x16 ./Drivers/STM32L1xx_HAL_Driver/Src/stm32l1xx_hal_cortex.o
                0x000000000800188c                HAL_NVIC_SetPriorityGrouping
 .text.HAL_NVIC_SetPriority
                0x00000000080018a2       0x38 ./Drivers/STM32L1xx_HAL_Driver/Src/stm32l1xx_hal_cortex.o
                0x00000000080018a2                HAL_NVIC_SetPriority
 .text.HAL_NVIC_EnableIRQ
                0x00000000080018da       0x1c ./Drivers/STM32L1xx_HAL_Driver/Src/stm32l1xx_hal_cortex.o
                0x00000000080018da                HAL_NVIC_EnableIRQ
 .text.HAL_SYSTICK_Config
                0x00000000080018f6       0x18 ./Drivers/STM32L1xx_HAL_Driver/Src/stm32l1xx_hal_cortex.o
                0x00000000080018f6                HAL_SYSTICK_Config
 *fill*         0x000000000800190e        0x2 
 .text.HAL_GPIO_Init
                0x0000000008001910      0x300 ./Drivers/STM32L1xx_HAL_Driver/Src/stm32l1xx_hal_gpio.o
                0x0000000008001910                HAL_GPIO_Init
 .text.HAL_GPIO_WritePin
                0x0000000008001c10       0x30 ./Drivers/STM32L1xx_HAL_Driver/Src/stm32l1xx_hal_gpio.o
                0x0000000008001c10                HAL_GPIO_WritePin
 .text.HAL_I2C_Init
                0x0000000008001c40      0x288 ./Drivers/STM32L1xx_HAL_Driver/Src/stm32l1xx_hal_i2c.o
                0x0000000008001c40                HAL_I2C_Init
 .text.HAL_PWR_EnterSTOPMode
                0x0000000008001ec8       0x58 ./Drivers/STM32L1xx_HAL_Driver/Src/stm32l1xx_hal_pwr.o
                0x0000000008001ec8                HAL_PWR_EnterSTOPMode
 .text.HAL_RCC_OscConfig
                0x0000000008001f20      0x660 ./Drivers/STM32L1xx_HAL_Driver/Src/stm32l1xx_hal_rcc.o
                0x0000000008001f20                HAL_RCC_OscConfig
 .text.HAL_RCC_ClockConfig
                0x0000000008002580      0x268 ./Drivers/STM32L1xx_HAL_Driver/Src/stm32l1xx_hal_rcc.o
                0x0000000008002580                HAL_RCC_ClockConfig
 .text.HAL_RCC_GetSysClockFreq
                0x00000000080027e8      0x17c ./Drivers/STM32L1xx_HAL_Driver/Src/stm32l1xx_hal_rcc.o
                0x00000000080027e8                HAL_RCC_GetSysClockFreq
 .text.HAL_RCC_GetHCLKFreq
                0x0000000008002964       0x14 ./Drivers/STM32L1xx_HAL_Driver/Src/stm32l1xx_hal_rcc.o
                0x0000000008002964                HAL_RCC_GetHCLKFreq
 .text.HAL_RCC_GetPCLK1Freq
                0x0000000008002978       0x28 ./Drivers/STM32L1xx_HAL_Driver/Src/stm32l1xx_hal_rcc.o
                0x0000000008002978                HAL_RCC_GetPCLK1Freq
 .text.HAL_RCC_GetPCLK2Freq
                0x00000000080029a0       0x28 ./Drivers/STM32L1xx_HAL_Driver/Src/stm32l1xx_hal_rcc.o
                0x00000000080029a0                HAL_RCC_GetPCLK2Freq
 .text.RCC_SetFlashLatencyFromMSIRange
                0x00000000080029c8       0xc0 ./Drivers/STM32L1xx_HAL_Driver/Src/stm32l1xx_hal_rcc.o
 .text.HAL_RCCEx_PeriphCLKConfig
                0x0000000008002a88      0x19c ./Drivers/STM32L1xx_HAL_Driver/Src/stm32l1xx_hal_rcc_ex.o
                0x0000000008002a88                HAL_RCCEx_PeriphCLKConfig
 .text.HAL_RTC_Init
                0x0000000008002c24      0x122 ./Drivers/STM32L1xx_HAL_Driver/Src/stm32l1xx_hal_rtc.o
                0x0000000008002c24                HAL_RTC_Init
 .text.HAL_RTC_SetTime
                0x0000000008002d46      0x168 ./Drivers/STM32L1xx_HAL_Driver/Src/stm32l1xx_hal_rtc.o
                0x0000000008002d46                HAL_RTC_SetTime
 .text.HAL_RTC_SetDate
                0x0000000008002eae      0x13c ./Drivers/STM32L1xx_HAL_Driver/Src/stm32l1xx_hal_rtc.o
                0x0000000008002eae                HAL_RTC_SetDate
 .text.HAL_RTC_WaitForSynchro
                0x0000000008002fea       0x5a ./Drivers/STM32L1xx_HAL_Driver/Src/stm32l1xx_hal_rtc.o
                0x0000000008002fea                HAL_RTC_WaitForSynchro
 .text.RTC_EnterInitMode
                0x0000000008003044       0x54 ./Drivers/STM32L1xx_HAL_Driver/Src/stm32l1xx_hal_rtc.o
                0x0000000008003044                RTC_EnterInitMode
 .text.RTC_ByteToBcd2
                0x0000000008003098       0x3e ./Drivers/STM32L1xx_HAL_Driver/Src/stm32l1xx_hal_rtc.o
                0x0000000008003098                RTC_ByteToBcd2
 *fill*         0x00000000080030d6        0x2 
 .text.HAL_RTCEx_SetWakeUpTimer_IT
                0x00000000080030d8      0x164 ./Drivers/STM32L1xx_HAL_Driver/Src/stm32l1xx_hal_rtc_ex.o
                0x00000000080030d8                HAL_RTCEx_SetWakeUpTimer_IT
 .text.HAL_RTCEx_DeactivateWakeUpTimer
                0x000000000800323c       0xac ./Drivers/STM32L1xx_HAL_Driver/Src/stm32l1xx_hal_rtc_ex.o
                0x000000000800323c                HAL_RTCEx_DeactivateWakeUpTimer
 .text.HAL_RTCEx_WakeUpTimerIRQHandler
                0x00000000080032e8       0x48 ./Drivers/STM32L1xx_HAL_Driver/Src/stm32l1xx_hal_rtc_ex.o
                0x00000000080032e8                HAL_RTCEx_WakeUpTimerIRQHandler
 .text.HAL_RTCEx_WakeUpTimerEventCallback
                0x0000000008003330       0x12 ./Drivers/STM32L1xx_HAL_Driver/Src/stm32l1xx_hal_rtc_ex.o
                0x0000000008003330                HAL_RTCEx_WakeUpTimerEventCallback
 .text.HAL_TIM_Base_Init
                0x0000000008003342       0x7e ./Drivers/STM32L1xx_HAL_Driver/Src/stm32l1xx_hal_tim.o
                0x0000000008003342                HAL_TIM_Base_Init
 .text.HAL_TIM_Base_Start
                0x00000000080033c0       0x94 ./Drivers/STM32L1xx_HAL_Driver/Src/stm32l1xx_hal_tim.o
                0x00000000080033c0                HAL_TIM_Base_Start
 .text.HAL_TIM_ConfigClockSource
                0x0000000008003454      0x188 ./Drivers/STM32L1xx_HAL_Driver/Src/stm32l1xx_hal_tim.o
                0x0000000008003454                HAL_TIM_ConfigClockSource
 .text.TIM_Base_SetConfig
                0x00000000080035dc       0xc4 ./Drivers/STM32L1xx_HAL_Driver/Src/stm32l1xx_hal_tim.o
 .text.TIM_TI1_ConfigInputStage
                0x00000000080036a0       0x5c ./Drivers/STM32L1xx_HAL_Driver/Src/stm32l1xx_hal_tim.o
 .text.TIM_TI2_ConfigInputStage
                0x00000000080036fc       0x5e ./Drivers/STM32L1xx_HAL_Driver/Src/stm32l1xx_hal_tim.o
 .text.TIM_ITRx_SetConfig
                0x000000000800375a       0x34 ./Drivers/STM32L1xx_HAL_Driver/Src/stm32l1xx_hal_tim.o
 .text.TIM_ETR_SetConfig
                0x000000000800378e       0x3e ./Drivers/STM32L1xx_HAL_Driver/Src/stm32l1xx_hal_tim.o
 .text.HAL_MultiProcessor_Init
                0x00000000080037cc       0xe0 ./Drivers/STM32L1xx_HAL_Driver/Src/stm32l1xx_hal_uart.o
                0x00000000080037cc                HAL_MultiProcessor_Init
 .text.UART_SetConfig
                0x00000000080038ac      0x1c8 ./Drivers/STM32L1xx_HAL_Driver/Src/stm32l1xx_hal_uart.o
 .text.__libc_init_array
                0x0000000008003a74       0x48 /Applications/STM32CubeIDE.app/Contents/Eclipse/plugins/com.st.stm32cube.ide.mcu.externaltools.gnu-tools-for-stm32.10.3-2021.10.macos64_1.0.0.202111181127/tools/bin/../lib/gcc/arm-none-eabi/10.3.1/../../../../arm-none-eabi/lib/thumb/v7-m/nofp/libc_nano.a(lib_a-init.o)
                0x0000000008003a74                __libc_init_array
 .text.memset   0x0000000008003abc       0x10 /Applications/STM32CubeIDE.app/Contents/Eclipse/plugins/com.st.stm32cube.ide.mcu.externaltools.gnu-tools-for-stm32.10.3-2021.10.macos64_1.0.0.202111181127/tools/bin/../lib/gcc/arm-none-eabi/10.3.1/../../../../arm-none-eabi/lib/thumb/v7-m/nofp/libc_nano.a(lib_a-memset.o)
                0x0000000008003abc                memset
 *(.glue_7)
 .glue_7        0x0000000008003acc        0x0 linker stubs
 *(.glue_7t)
 .glue_7t       0x0000000008003acc        0x0 linker stubs
 *(.eh_frame)
 .eh_frame      0x0000000008003acc        0x0 /Applications/STM32CubeIDE.app/Contents/Eclipse/plugins/com.st.stm32cube.ide.mcu.externaltools.gnu-tools-for-stm32.10.3-2021.10.macos64_1.0.0.202111181127/tools/bin/../lib/gcc/arm-none-eabi/10.3.1/thumb/v7-m/nofp/crtbegin.o
 *(.init)
 .init          0x0000000008003acc        0x4 /Applications/STM32CubeIDE.app/Contents/Eclipse/plugins/com.st.stm32cube.ide.mcu.externaltools.gnu-tools-for-stm32.10.3-2021.10.macos64_1.0.0.202111181127/tools/bin/../lib/gcc/arm-none-eabi/10.3.1/thumb/v7-m/nofp/crti.o
                0x0000000008003acc                _init
 .init          0x0000000008003ad0        0x8 /Applications/STM32CubeIDE.app/Contents/Eclipse/plugins/com.st.stm32cube.ide.mcu.externaltools.gnu-tools-for-stm32.10.3-2021.10.macos64_1.0.0.202111181127/tools/bin/../lib/gcc/arm-none-eabi/10.3.1/thumb/v7-m/nofp/crtn.o
 *(.fini)
 .fini          0x0000000008003ad8        0x4 /Applications/STM32CubeIDE.app/Contents/Eclipse/plugins/com.st.stm32cube.ide.mcu.externaltools.gnu-tools-for-stm32.10.3-2021.10.macos64_1.0.0.202111181127/tools/bin/../lib/gcc/arm-none-eabi/10.3.1/thumb/v7-m/nofp/crti.o
                0x0000000008003ad8                _fini
 .fini          0x0000000008003adc        0x8 /Applications/STM32CubeIDE.app/Contents/Eclipse/plugins/com.st.stm32cube.ide.mcu.externaltools.gnu-tools-for-stm32.10.3-2021.10.macos64_1.0.0.202111181127/tools/bin/../lib/gcc/arm-none-eabi/10.3.1/thumb/v7-m/nofp/crtn.o
                0x0000000008003ae4                . = ALIGN (0x4)
                0x0000000008003ae4                _etext = .

.vfp11_veneer   0x0000000008003ae4        0x0
 .vfp11_veneer  0x0000000008003ae4        0x0 linker stubs

.v4_bx          0x0000000008003ae4        0x0
 .v4_bx         0x0000000008003ae4        0x0 linker stubs

.iplt           0x0000000008003ae4        0x0
 .iplt          0x0000000008003ae4        0x0 /Applications/STM32CubeIDE.app/Contents/Eclipse/plugins/com.st.stm32cube.ide.mcu.externaltools.gnu-tools-for-stm32.10.3-2021.10.macos64_1.0.0.202111181127/tools/bin/../lib/gcc/arm-none-eabi/10.3.1/thumb/v7-m/nofp/crtbegin.o

.rodata         0x0000000008003ae4       0x24
                0x0000000008003ae4                . = ALIGN (0x4)
 *(.rodata)
 *(.rodata*)
 .rodata.PLLMulTable
                0x0000000008003ae4        0x9 ./Core/Src/system_stm32l1xx.o
                0x0000000008003ae4                PLLMulTable
 *fill*         0x0000000008003aed        0x3 
 .rodata.AHBPrescTable
                0x0000000008003af0       0x10 ./Core/Src/system_stm32l1xx.o
                0x0000000008003af0                AHBPrescTable
 .rodata.APBPrescTable
                0x0000000008003b00        0x8 ./Core/Src/system_stm32l1xx.o
                0x0000000008003b00                APBPrescTable
                0x0000000008003b08                . = ALIGN (0x4)

.ARM.extab      0x0000000008003b08        0x0
                0x0000000008003b08                . = ALIGN (0x4)
 *(.ARM.extab* .gnu.linkonce.armextab.*)
                0x0000000008003b08                . = ALIGN (0x4)

.ARM            0x0000000008003b08        0x8
                0x0000000008003b08                . = ALIGN (0x4)
                0x0000000008003b08                __exidx_start = .
 *(.ARM.exidx*)
 .ARM.exidx     0x0000000008003b08        0x8 /Applications/STM32CubeIDE.app/Contents/Eclipse/plugins/com.st.stm32cube.ide.mcu.externaltools.gnu-tools-for-stm32.10.3-2021.10.macos64_1.0.0.202111181127/tools/bin/../lib/gcc/arm-none-eabi/10.3.1/thumb/v7-m/nofp/libgcc.a(_udivmoddi4.o)
                0x0000000008003b10                __exidx_end = .
                0x0000000008003b10                . = ALIGN (0x4)

.rel.dyn        0x0000000008003b10        0x0
 .rel.iplt      0x0000000008003b10        0x0 /Applications/STM32CubeIDE.app/Contents/Eclipse/plugins/com.st.stm32cube.ide.mcu.externaltools.gnu-tools-for-stm32.10.3-2021.10.macos64_1.0.0.202111181127/tools/bin/../lib/gcc/arm-none-eabi/10.3.1/thumb/v7-m/nofp/crtbegin.o

.preinit_array  0x0000000008003b10        0x0
                0x0000000008003b10                . = ALIGN (0x4)
                0x0000000008003b10                PROVIDE (__preinit_array_start = .)
 *(.preinit_array*)
                0x0000000008003b10                PROVIDE (__preinit_array_end = .)
                0x0000000008003b10                . = ALIGN (0x4)

.init_array     0x0000000008003b10        0x4
                0x0000000008003b10                . = ALIGN (0x4)
                0x0000000008003b10                PROVIDE (__init_array_start = .)
 *(SORT_BY_NAME(.init_array.*))
 *(.init_array*)
 .init_array    0x0000000008003b10        0x4 /Applications/STM32CubeIDE.app/Contents/Eclipse/plugins/com.st.stm32cube.ide.mcu.externaltools.gnu-tools-for-stm32.10.3-2021.10.macos64_1.0.0.202111181127/tools/bin/../lib/gcc/arm-none-eabi/10.3.1/thumb/v7-m/nofp/crtbegin.o
                0x0000000008003b14                PROVIDE (__init_array_end = .)
                0x0000000008003b14                . = ALIGN (0x4)

.fini_array     0x0000000008003b14        0x4
                0x0000000008003b14                . = ALIGN (0x4)
                [!provide]                        PROVIDE (__fini_array_start = .)
 *(SORT_BY_NAME(.fini_array.*))
 *(.fini_array*)
 .fini_array    0x0000000008003b14        0x4 /Applications/STM32CubeIDE.app/Contents/Eclipse/plugins/com.st.stm32cube.ide.mcu.externaltools.gnu-tools-for-stm32.10.3-2021.10.macos64_1.0.0.202111181127/tools/bin/../lib/gcc/arm-none-eabi/10.3.1/thumb/v7-m/nofp/crtbegin.o
                [!provide]                        PROVIDE (__fini_array_end = .)
                0x0000000008003b18                . = ALIGN (0x4)
                0x0000000008003b18                _sidata = LOADADDR (.data)

.data           0x0000000020000000        0xc load address 0x0000000008003b18
                0x0000000020000000                . = ALIGN (0x4)
                0x0000000020000000                _sdata = .
 *(.data)
 *(.data*)
 .data.SystemCoreClock
                0x0000000020000000        0x4 ./Core/Src/system_stm32l1xx.o
                0x0000000020000000                SystemCoreClock
 .data.uwTickPrio
                0x0000000020000004        0x4 ./Drivers/STM32L1xx_HAL_Driver/Src/stm32l1xx_hal.o
                0x0000000020000004                uwTickPrio
 .data.uwTickFreq
                0x0000000020000008        0x4 ./Drivers/STM32L1xx_HAL_Driver/Src/stm32l1xx_hal.o
                0x0000000020000008                uwTickFreq
 *(.RamFunc)
 *(.RamFunc*)
                0x000000002000000c                . = ALIGN (0x4)
                0x000000002000000c                _edata = .

.igot.plt       0x000000002000000c        0x0 load address 0x0000000008003b24
 .igot.plt      0x000000002000000c        0x0 /Applications/STM32CubeIDE.app/Contents/Eclipse/plugins/com.st.stm32cube.ide.mcu.externaltools.gnu-tools-for-stm32.10.3-2021.10.macos64_1.0.0.202111181127/tools/bin/../lib/gcc/arm-none-eabi/10.3.1/thumb/v7-m/nofp/crtbegin.o
                0x000000002000000c                . = ALIGN (0x4)

.bss            0x000000002000000c      0x180 load address 0x0000000008003b24
                0x000000002000000c                _sbss = .
                0x000000002000000c                __bss_start__ = _sbss
 *(.bss)
 .bss           0x000000002000000c       0x1c /Applications/STM32CubeIDE.app/Contents/Eclipse/plugins/com.st.stm32cube.ide.mcu.externaltools.gnu-tools-for-stm32.10.3-2021.10.macos64_1.0.0.202111181127/tools/bin/../lib/gcc/arm-none-eabi/10.3.1/thumb/v7-m/nofp/crtbegin.o
 *(.bss*)
 .bss.hadc      0x0000000020000028       0x54 ./Core/Src/main.o
                0x0000000020000028                hadc
 .bss.hi2c1     0x000000002000007c       0x54 ./Core/Src/main.o
                0x000000002000007c                hi2c1
 .bss.hrtc      0x00000000200000d0       0x20 ./Core/Src/main.o
                0x00000000200000d0                hrtc
 .bss.htim10    0x00000000200000f0       0x40 ./Core/Src/main.o
                0x00000000200000f0                htim10
 .bss.huart1    0x0000000020000130       0x44 ./Core/Src/main.o
                0x0000000020000130                huart1
 .bss.GPIO_InitStruct
                0x0000000020000174       0x14 ./Core/Src/memory_control.o
                0x0000000020000174                GPIO_InitStruct
 .bss.uwTick    0x0000000020000188        0x4 ./Drivers/STM32L1xx_HAL_Driver/Src/stm32l1xx_hal.o
                0x0000000020000188                uwTick
 *(COMMON)
                0x000000002000018c                . = ALIGN (0x4)
                0x000000002000018c                _ebss = .
                0x000000002000018c                __bss_end__ = _ebss

._user_heap_stack
                0x000000002000018c      0x604 load address 0x0000000008003b24
                0x0000000020000190                . = ALIGN (0x8)
 *fill*         0x000000002000018c        0x4 
                [!provide]                        PROVIDE (end = .)
                0x0000000020000190                PROVIDE (_end = .)
                0x0000000020000390                . = (. + _Min_Heap_Size)
 *fill*         0x0000000020000190      0x200 
                0x0000000020000790                . = (. + _Min_Stack_Size)
 *fill*         0x0000000020000390      0x400 
                0x0000000020000790                . = ALIGN (0x8)

/DISCARD/
 libc.a(*)
 libm.a(*)
 libgcc.a(*)

.ARM.attributes
                0x0000000000000000       0x29
 *(.ARM.attributes)
 .ARM.attributes
                0x0000000000000000       0x1d /Applications/STM32CubeIDE.app/Contents/Eclipse/plugins/com.st.stm32cube.ide.mcu.externaltools.gnu-tools-for-stm32.10.3-2021.10.macos64_1.0.0.202111181127/tools/bin/../lib/gcc/arm-none-eabi/10.3.1/thumb/v7-m/nofp/crti.o
 .ARM.attributes
                0x000000000000001d       0x2d /Applications/STM32CubeIDE.app/Contents/Eclipse/plugins/com.st.stm32cube.ide.mcu.externaltools.gnu-tools-for-stm32.10.3-2021.10.macos64_1.0.0.202111181127/tools/bin/../lib/gcc/arm-none-eabi/10.3.1/thumb/v7-m/nofp/crtbegin.o
 .ARM.attributes
                0x000000000000004a       0x2d ./Core/Src/main.o
 .ARM.attributes
                0x0000000000000077       0x2d ./Core/Src/memory_control.o
 .ARM.attributes
                0x00000000000000a4       0x2d ./Core/Src/stm32l1xx_hal_msp.o
 .ARM.attributes
                0x00000000000000d1       0x2d ./Core/Src/stm32l1xx_it.o
 .ARM.attributes
                0x00000000000000fe       0x2d ./Core/Src/system_stm32l1xx.o
 .ARM.attributes
                0x000000000000012b       0x21 ./Core/Startup/startup_stm32l151r6txa.o
 .ARM.attributes
                0x000000000000014c       0x2d ./Drivers/STM32L1xx_HAL_Driver/Src/stm32l1xx_hal.o
 .ARM.attributes
                0x0000000000000179       0x2d ./Drivers/STM32L1xx_HAL_Driver/Src/stm32l1xx_hal_adc.o
 .ARM.attributes
                0x00000000000001a6       0x2d ./Drivers/STM32L1xx_HAL_Driver/Src/stm32l1xx_hal_cortex.o
 .ARM.attributes
                0x00000000000001d3       0x2d ./Drivers/STM32L1xx_HAL_Driver/Src/stm32l1xx_hal_gpio.o
 .ARM.attributes
                0x0000000000000200       0x2d ./Drivers/STM32L1xx_HAL_Driver/Src/stm32l1xx_hal_i2c.o
 .ARM.attributes
                0x000000000000022d       0x2d ./Drivers/STM32L1xx_HAL_Driver/Src/stm32l1xx_hal_pwr.o
 .ARM.attributes
                0x000000000000025a       0x2d ./Drivers/STM32L1xx_HAL_Driver/Src/stm32l1xx_hal_rcc.o
 .ARM.attributes
                0x0000000000000287       0x2d ./Drivers/STM32L1xx_HAL_Driver/Src/stm32l1xx_hal_rcc_ex.o
 .ARM.attributes
                0x00000000000002b4       0x2d ./Drivers/STM32L1xx_HAL_Driver/Src/stm32l1xx_hal_rtc.o
 .ARM.attributes
                0x00000000000002e1       0x2d ./Drivers/STM32L1xx_HAL_Driver/Src/stm32l1xx_hal_rtc_ex.o
 .ARM.attributes
                0x000000000000030e       0x2d ./Drivers/STM32L1xx_HAL_Driver/Src/stm32l1xx_hal_tim.o
 .ARM.attributes
                0x000000000000033b       0x2d ./Drivers/STM32L1xx_HAL_Driver/Src/stm32l1xx_hal_uart.o
 .ARM.attributes
                0x0000000000000368       0x2d /Applications/STM32CubeIDE.app/Contents/Eclipse/plugins/com.st.stm32cube.ide.mcu.externaltools.gnu-tools-for-stm32.10.3-2021.10.macos64_1.0.0.202111181127/tools/bin/../lib/gcc/arm-none-eabi/10.3.1/../../../../arm-none-eabi/lib/thumb/v7-m/nofp/libc_nano.a(lib_a-init.o)
 .ARM.attributes
                0x0000000000000395       0x2d /Applications/STM32CubeIDE.app/Contents/Eclipse/plugins/com.st.stm32cube.ide.mcu.externaltools.gnu-tools-for-stm32.10.3-2021.10.macos64_1.0.0.202111181127/tools/bin/../lib/gcc/arm-none-eabi/10.3.1/../../../../arm-none-eabi/lib/thumb/v7-m/nofp/libc_nano.a(lib_a-memset.o)
 .ARM.attributes
                0x00000000000003c2       0x1d /Applications/STM32CubeIDE.app/Contents/Eclipse/plugins/com.st.stm32cube.ide.mcu.externaltools.gnu-tools-for-stm32.10.3-2021.10.macos64_1.0.0.202111181127/tools/bin/../lib/gcc/arm-none-eabi/10.3.1/thumb/v7-m/nofp/libgcc.a(_aeabi_uldivmod.o)
 .ARM.attributes
                0x00000000000003df       0x2d /Applications/STM32CubeIDE.app/Contents/Eclipse/plugins/com.st.stm32cube.ide.mcu.externaltools.gnu-tools-for-stm32.10.3-2021.10.macos64_1.0.0.202111181127/tools/bin/../lib/gcc/arm-none-eabi/10.3.1/thumb/v7-m/nofp/libgcc.a(_udivmoddi4.o)
 .ARM.attributes
                0x000000000000040c       0x1d /Applications/STM32CubeIDE.app/Contents/Eclipse/plugins/com.st.stm32cube.ide.mcu.externaltools.gnu-tools-for-stm32.10.3-2021.10.macos64_1.0.0.202111181127/tools/bin/../lib/gcc/arm-none-eabi/10.3.1/thumb/v7-m/nofp/libgcc.a(_dvmd_tls.o)
 .ARM.attributes
                0x0000000000000429       0x1d /Applications/STM32CubeIDE.app/Contents/Eclipse/plugins/com.st.stm32cube.ide.mcu.externaltools.gnu-tools-for-stm32.10.3-2021.10.macos64_1.0.0.202111181127/tools/bin/../lib/gcc/arm-none-eabi/10.3.1/thumb/v7-m/nofp/crtn.o
OUTPUT(Da_Vinci_Bitflip_v1_3.elf elf32-littlearm)
LOAD linker stubs
LOAD /Applications/STM32CubeIDE.app/Contents/Eclipse/plugins/com.st.stm32cube.ide.mcu.externaltools.gnu-tools-for-stm32.10.3-2021.10.macos64_1.0.0.202111181127/tools/bin/../lib/gcc/arm-none-eabi/10.3.1/../../../../arm-none-eabi/lib/thumb/v7-m/nofp/libc.a
LOAD /Applications/STM32CubeIDE.app/Contents/Eclipse/plugins/com.st.stm32cube.ide.mcu.externaltools.gnu-tools-for-stm32.10.3-2021.10.macos64_1.0.0.202111181127/tools/bin/../lib/gcc/arm-none-eabi/10.3.1/../../../../arm-none-eabi/lib/thumb/v7-m/nofp/libm.a
LOAD /Applications/STM32CubeIDE.app/Contents/Eclipse/plugins/com.st.stm32cube.ide.mcu.externaltools.gnu-tools-for-stm32.10.3-2021.10.macos64_1.0.0.202111181127/tools/bin/../lib/gcc/arm-none-eabi/10.3.1/thumb/v7-m/nofp/libgcc.a

.debug_info     0x0000000000000000    0x105c6
 .debug_info    0x0000000000000000     0x1ebc ./Core/Src/main.o
 .debug_info    0x0000000000001ebc      0x982 ./Core/Src/memory_control.o
 .debug_info    0x000000000000283e     0x1799 ./Core/Src/stm32l1xx_hal_msp.o
 .debug_info    0x0000000000003fd7      0x4d4 ./Core/Src/stm32l1xx_it.o
 .debug_info    0x00000000000044ab      0x2a7 ./Core/Src/system_stm32l1xx.o
 .debug_info    0x0000000000004752       0x22 ./Core/Startup/startup_stm32l151r6txa.o
 .debug_info    0x0000000000004774      0x6e4 ./Drivers/STM32L1xx_HAL_Driver/Src/stm32l1xx_hal.o
 .debug_info    0x0000000000004e58      0xf21 ./Drivers/STM32L1xx_HAL_Driver/Src/stm32l1xx_hal_adc.o
 .debug_info    0x0000000000005d79      0xd43 ./Drivers/STM32L1xx_HAL_Driver/Src/stm32l1xx_hal_cortex.o
 .debug_info    0x0000000000006abc      0x627 ./Drivers/STM32L1xx_HAL_Driver/Src/stm32l1xx_hal_gpio.o
 .debug_info    0x00000000000070e3     0x25a2 ./Drivers/STM32L1xx_HAL_Driver/Src/stm32l1xx_hal_i2c.o
 .debug_info    0x0000000000009685      0x71c ./Drivers/STM32L1xx_HAL_Driver/Src/stm32l1xx_hal_pwr.o
 .debug_info    0x0000000000009da1      0x991 ./Drivers/STM32L1xx_HAL_Driver/Src/stm32l1xx_hal_rcc.o
 .debug_info    0x000000000000a732      0x433 ./Drivers/STM32L1xx_HAL_Driver/Src/stm32l1xx_hal_rcc_ex.o
 .debug_info    0x000000000000ab65      0xc9d ./Drivers/STM32L1xx_HAL_Driver/Src/stm32l1xx_hal_rtc.o
 .debug_info    0x000000000000b802      0xf9f ./Drivers/STM32L1xx_HAL_Driver/Src/stm32l1xx_hal_rtc_ex.o
 .debug_info    0x000000000000c7a1     0x2851 ./Drivers/STM32L1xx_HAL_Driver/Src/stm32l1xx_hal_tim.o
 .debug_info    0x000000000000eff2     0x15d4 ./Drivers/STM32L1xx_HAL_Driver/Src/stm32l1xx_hal_uart.o

.debug_abbrev   0x0000000000000000     0x2606
 .debug_abbrev  0x0000000000000000      0x365 ./Core/Src/main.o
 .debug_abbrev  0x0000000000000365      0x2c6 ./Core/Src/memory_control.o
 .debug_abbrev  0x000000000000062b      0x20a ./Core/Src/stm32l1xx_hal_msp.o
 .debug_abbrev  0x0000000000000835      0x13e ./Core/Src/stm32l1xx_it.o
 .debug_abbrev  0x0000000000000973      0x116 ./Core/Src/system_stm32l1xx.o
 .debug_abbrev  0x0000000000000a89       0x12 ./Core/Startup/startup_stm32l151r6txa.o
 .debug_abbrev  0x0000000000000a9b      0x26c ./Drivers/STM32L1xx_HAL_Driver/Src/stm32l1xx_hal.o
 .debug_abbrev  0x0000000000000d07      0x280 ./Drivers/STM32L1xx_HAL_Driver/Src/stm32l1xx_hal_adc.o
 .debug_abbrev  0x0000000000000f87      0x316 ./Drivers/STM32L1xx_HAL_Driver/Src/stm32l1xx_hal_cortex.o
 .debug_abbrev  0x000000000000129d      0x1c4 ./Drivers/STM32L1xx_HAL_Driver/Src/stm32l1xx_hal_gpio.o
 .debug_abbrev  0x0000000000001461      0x293 ./Drivers/STM32L1xx_HAL_Driver/Src/stm32l1xx_hal_i2c.o
 .debug_abbrev  0x00000000000016f4      0x1e6 ./Drivers/STM32L1xx_HAL_Driver/Src/stm32l1xx_hal_pwr.o
 .debug_abbrev  0x00000000000018da      0x2b0 ./Drivers/STM32L1xx_HAL_Driver/Src/stm32l1xx_hal_rcc.o
 .debug_abbrev  0x0000000000001b8a      0x1bd ./Drivers/STM32L1xx_HAL_Driver/Src/stm32l1xx_hal_rcc_ex.o
 .debug_abbrev  0x0000000000001d47      0x1d6 ./Drivers/STM32L1xx_HAL_Driver/Src/stm32l1xx_hal_rtc.o
 .debug_abbrev  0x0000000000001f1d      0x207 ./Drivers/STM32L1xx_HAL_Driver/Src/stm32l1xx_hal_rtc_ex.o
 .debug_abbrev  0x0000000000002124      0x259 ./Drivers/STM32L1xx_HAL_Driver/Src/stm32l1xx_hal_tim.o
 .debug_abbrev  0x000000000000237d      0x289 ./Drivers/STM32L1xx_HAL_Driver/Src/stm32l1xx_hal_uart.o

.debug_aranges  0x0000000000000000     0x1178
 .debug_aranges
                0x0000000000000000       0x70 ./Core/Src/main.o
 .debug_aranges
                0x0000000000000070       0x88 ./Core/Src/memory_control.o
 .debug_aranges
                0x00000000000000f8       0x70 ./Core/Src/stm32l1xx_hal_msp.o
 .debug_aranges
                0x0000000000000168       0x68 ./Core/Src/stm32l1xx_it.o
 .debug_aranges
                0x00000000000001d0       0x28 ./Core/Src/system_stm32l1xx.o
 .debug_aranges
                0x00000000000001f8       0x28 ./Core/Startup/startup_stm32l151r6txa.o
 .debug_aranges
                0x0000000000000220       0xe0 ./Drivers/STM32L1xx_HAL_Driver/Src/stm32l1xx_hal.o
 .debug_aranges
                0x0000000000000300       0xf0 ./Drivers/STM32L1xx_HAL_Driver/Src/stm32l1xx_hal_adc.o
 .debug_aranges
                0x00000000000003f0      0x118 ./Drivers/STM32L1xx_HAL_Driver/Src/stm32l1xx_hal_cortex.o
 .debug_aranges
                0x0000000000000508       0x58 ./Drivers/STM32L1xx_HAL_Driver/Src/stm32l1xx_hal_gpio.o
 .debug_aranges
                0x0000000000000560      0x2a0 ./Drivers/STM32L1xx_HAL_Driver/Src/stm32l1xx_hal_i2c.o
 .debug_aranges
                0x0000000000000800       0xa0 ./Drivers/STM32L1xx_HAL_Driver/Src/stm32l1xx_hal_pwr.o
 .debug_aranges
                0x00000000000008a0       0x90 ./Drivers/STM32L1xx_HAL_Driver/Src/stm32l1xx_hal_rcc.o
 .debug_aranges
                0x0000000000000930       0x58 ./Drivers/STM32L1xx_HAL_Driver/Src/stm32l1xx_hal_rcc_ex.o
 .debug_aranges
                0x0000000000000988       0xe0 ./Drivers/STM32L1xx_HAL_Driver/Src/stm32l1xx_hal_rtc.o
 .debug_aranges
                0x0000000000000a68      0x140 ./Drivers/STM32L1xx_HAL_Driver/Src/stm32l1xx_hal_rtc_ex.o
 .debug_aranges
                0x0000000000000ba8      0x3d0 ./Drivers/STM32L1xx_HAL_Driver/Src/stm32l1xx_hal_tim.o
 .debug_aranges
                0x0000000000000f78      0x200 ./Drivers/STM32L1xx_HAL_Driver/Src/stm32l1xx_hal_uart.o

.debug_ranges   0x0000000000000000     0x10b8
 .debug_ranges  0x0000000000000000       0x60 ./Core/Src/main.o
 .debug_ranges  0x0000000000000060       0x78 ./Core/Src/memory_control.o
 .debug_ranges  0x00000000000000d8       0x60 ./Core/Src/stm32l1xx_hal_msp.o
 .debug_ranges  0x0000000000000138       0x58 ./Core/Src/stm32l1xx_it.o
 .debug_ranges  0x0000000000000190       0x18 ./Core/Src/system_stm32l1xx.o
 .debug_ranges  0x00000000000001a8       0x20 ./Core/Startup/startup_stm32l151r6txa.o
 .debug_ranges  0x00000000000001c8       0xd0 ./Drivers/STM32L1xx_HAL_Driver/Src/stm32l1xx_hal.o
 .debug_ranges  0x0000000000000298       0xe0 ./Drivers/STM32L1xx_HAL_Driver/Src/stm32l1xx_hal_adc.o
 .debug_ranges  0x0000000000000378      0x108 ./Drivers/STM32L1xx_HAL_Driver/Src/stm32l1xx_hal_cortex.o
 .debug_ranges  0x0000000000000480       0x48 ./Drivers/STM32L1xx_HAL_Driver/Src/stm32l1xx_hal_gpio.o
 .debug_ranges  0x00000000000004c8      0x2b8 ./Drivers/STM32L1xx_HAL_Driver/Src/stm32l1xx_hal_i2c.o
 .debug_ranges  0x0000000000000780       0x90 ./Drivers/STM32L1xx_HAL_Driver/Src/stm32l1xx_hal_pwr.o
 .debug_ranges  0x0000000000000810       0x80 ./Drivers/STM32L1xx_HAL_Driver/Src/stm32l1xx_hal_rcc.o
 .debug_ranges  0x0000000000000890       0x48 ./Drivers/STM32L1xx_HAL_Driver/Src/stm32l1xx_hal_rcc_ex.o
 .debug_ranges  0x00000000000008d8       0xd0 ./Drivers/STM32L1xx_HAL_Driver/Src/stm32l1xx_hal_rtc.o
 .debug_ranges  0x00000000000009a8      0x130 ./Drivers/STM32L1xx_HAL_Driver/Src/stm32l1xx_hal_rtc_ex.o
 .debug_ranges  0x0000000000000ad8      0x3c0 ./Drivers/STM32L1xx_HAL_Driver/Src/stm32l1xx_hal_tim.o
 .debug_ranges  0x0000000000000e98      0x220 ./Drivers/STM32L1xx_HAL_Driver/Src/stm32l1xx_hal_uart.o

.debug_macro    0x0000000000000000    0x170ad
 .debug_macro   0x0000000000000000      0x20e ./Core/Src/main.o
 .debug_macro   0x000000000000020e      0xb44 ./Core/Src/main.o
 .debug_macro   0x0000000000000d52      0x121 ./Core/Src/main.o
 .debug_macro   0x0000000000000e73       0x2e ./Core/Src/main.o
 .debug_macro   0x0000000000000ea1       0x22 ./Core/Src/main.o
 .debug_macro   0x0000000000000ec3       0x1c ./Core/Src/main.o
 .debug_macro   0x0000000000000edf       0x22 ./Core/Src/main.o
 .debug_macro   0x0000000000000f01       0x8e ./Core/Src/main.o
 .debug_macro   0x0000000000000f8f       0x51 ./Core/Src/main.o
 .debug_macro   0x0000000000000fe0      0x103 ./Core/Src/main.o
 .debug_macro   0x00000000000010e3       0x6a ./Core/Src/main.o
 .debug_macro   0x000000000000114d      0x1df ./Core/Src/main.o
 .debug_macro   0x000000000000132c       0x1c ./Core/Src/main.o
 .debug_macro   0x0000000000001348       0x22 ./Core/Src/main.o
 .debug_macro   0x000000000000136a       0xbd ./Core/Src/main.o
 .debug_macro   0x0000000000001427      0xe49 ./Core/Src/main.o
 .debug_macro   0x0000000000002270      0x11f ./Core/Src/main.o
 .debug_macro   0x000000000000238f     0x9b54 ./Core/Src/main.o
 .debug_macro   0x000000000000bee3       0x6d ./Core/Src/main.o
 .debug_macro   0x000000000000bf50     0x34ca ./Core/Src/main.o
 .debug_macro   0x000000000000f41a      0x17b ./Core/Src/main.o
 .debug_macro   0x000000000000f595       0x5b ./Core/Src/main.o
 .debug_macro   0x000000000000f5f0      0xe38 ./Core/Src/main.o
 .debug_macro   0x0000000000010428       0xca ./Core/Src/main.o
 .debug_macro   0x00000000000104f2      0x1b9 ./Core/Src/main.o
 .debug_macro   0x00000000000106ab       0xa7 ./Core/Src/main.o
 .debug_macro   0x0000000000010752      0x21e ./Core/Src/main.o
 .debug_macro   0x0000000000010970      0x236 ./Core/Src/main.o
 .debug_macro   0x0000000000010ba6      0x631 ./Core/Src/main.o
 .debug_macro   0x00000000000111d7      0x15e ./Core/Src/main.o
 .debug_macro   0x0000000000011335      0x10f ./Core/Src/main.o
 .debug_macro   0x0000000000011444      0x3a0 ./Core/Src/main.o
 .debug_macro   0x00000000000117e4      0x287 ./Core/Src/main.o
 .debug_macro   0x0000000000011a6b      0x1e9 ./Core/Src/main.o
 .debug_macro   0x0000000000011c54       0x22 ./Core/Src/main.o
 .debug_macro   0x0000000000011c76      0x287 ./Core/Src/main.o
 .debug_macro   0x0000000000011efd      0x50f ./Core/Src/main.o
 .debug_macro   0x000000000001240c       0x12 ./Core/Src/main.o
 .debug_macro   0x000000000001241e      0x76c ./Core/Src/main.o
 .debug_macro   0x0000000000012b8a       0x59 ./Core/Src/main.o
 .debug_macro   0x0000000000012be3      0x295 ./Core/Src/main.o
 .debug_macro   0x0000000000012e78      0x15c ./Core/Src/main.o
 .debug_macro   0x0000000000012fd4      0x3dc ./Core/Src/main.o
 .debug_macro   0x00000000000133b0      0x1b9 ./Core/Src/main.o
 .debug_macro   0x0000000000013569      0x1fe ./Core/Src/memory_control.o
 .debug_macro   0x0000000000013767      0x1bf ./Core/Src/memory_control.o
 .debug_macro   0x0000000000013926      0x1f5 ./Core/Src/stm32l1xx_hal_msp.o
 .debug_macro   0x0000000000013b1b      0xa6c ./Core/Src/stm32l1xx_hal_msp.o
 .debug_macro   0x0000000000014587      0xe49 ./Core/Src/stm32l1xx_hal_msp.o
 .debug_macro   0x00000000000153d0      0x174 ./Core/Src/stm32l1xx_hal_msp.o
 .debug_macro   0x0000000000015544      0x1ff ./Core/Src/stm32l1xx_it.o
 .debug_macro   0x0000000000015743      0x1e6 ./Core/Src/system_stm32l1xx.o
 .debug_macro   0x0000000000015929      0x20a ./Drivers/STM32L1xx_HAL_Driver/Src/stm32l1xx_hal.o
 .debug_macro   0x0000000000015b33      0x203 ./Drivers/STM32L1xx_HAL_Driver/Src/stm32l1xx_hal_adc.o
 .debug_macro   0x0000000000015d36      0x1e6 ./Drivers/STM32L1xx_HAL_Driver/Src/stm32l1xx_hal_cortex.o
 .debug_macro   0x0000000000015f1c      0x1ed ./Drivers/STM32L1xx_HAL_Driver/Src/stm32l1xx_hal_gpio.o
 .debug_macro   0x0000000000016109      0x22d ./Drivers/STM32L1xx_HAL_Driver/Src/stm32l1xx_hal_i2c.o
 .debug_macro   0x0000000000016336      0x1fe ./Drivers/STM32L1xx_HAL_Driver/Src/stm32l1xx_hal_pwr.o
 .debug_macro   0x0000000000016534      0x1f8 ./Drivers/STM32L1xx_HAL_Driver/Src/stm32l1xx_hal_rcc.o
 .debug_macro   0x000000000001672c      0x1e6 ./Drivers/STM32L1xx_HAL_Driver/Src/stm32l1xx_hal_rcc_ex.o
 .debug_macro   0x0000000000016912      0x1e7 ./Drivers/STM32L1xx_HAL_Driver/Src/stm32l1xx_hal_rtc.o
 .debug_macro   0x0000000000016af9      0x1e6 ./Drivers/STM32L1xx_HAL_Driver/Src/stm32l1xx_hal_rtc_ex.o
 .debug_macro   0x0000000000016cdf      0x1e7 ./Drivers/STM32L1xx_HAL_Driver/Src/stm32l1xx_hal_tim.o
 .debug_macro   0x0000000000016ec6      0x1e7 ./Drivers/STM32L1xx_HAL_Driver/Src/stm32l1xx_hal_uart.o

.debug_line     0x0000000000000000    0x12b1e
 .debug_line    0x0000000000000000      0xaa9 ./Core/Src/main.o
 .debug_line    0x0000000000000aa9      0xab4 ./Core/Src/memory_control.o
 .debug_line    0x000000000000155d      0x89e ./Core/Src/stm32l1xx_hal_msp.o
 .debug_line    0x0000000000001dfb      0x822 ./Core/Src/stm32l1xx_it.o
 .debug_line    0x000000000000261d      0x7e8 ./Core/Src/system_stm32l1xx.o
 .debug_line    0x0000000000002e05       0x88 ./Core/Startup/startup_stm32l151r6txa.o
 .debug_line    0x0000000000002e8d      0xa0b ./Drivers/STM32L1xx_HAL_Driver/Src/stm32l1xx_hal.o
 .debug_line    0x0000000000003898      0xff4 ./Drivers/STM32L1xx_HAL_Driver/Src/stm32l1xx_hal_adc.o
 .debug_line    0x000000000000488c      0xcd8 ./Drivers/STM32L1xx_HAL_Driver/Src/stm32l1xx_hal_cortex.o
 .debug_line    0x0000000000005564      0xa5d ./Drivers/STM32L1xx_HAL_Driver/Src/stm32l1xx_hal_gpio.o
 .debug_line    0x0000000000005fc1     0x3976 ./Drivers/STM32L1xx_HAL_Driver/Src/stm32l1xx_hal_i2c.o
 .debug_line    0x0000000000009937      0x9ad ./Drivers/STM32L1xx_HAL_Driver/Src/stm32l1xx_hal_pwr.o
 .debug_line    0x000000000000a2e4      0xf13 ./Drivers/STM32L1xx_HAL_Driver/Src/stm32l1xx_hal_rcc.o
 .debug_line    0x000000000000b1f7      0x95b ./Drivers/STM32L1xx_HAL_Driver/Src/stm32l1xx_hal_rcc_ex.o
 .debug_line    0x000000000000bb52     0x117b ./Drivers/STM32L1xx_HAL_Driver/Src/stm32l1xx_hal_rtc.o
 .debug_line    0x000000000000cccd     0x14ae ./Drivers/STM32L1xx_HAL_Driver/Src/stm32l1xx_hal_rtc_ex.o
 .debug_line    0x000000000000e17b     0x2ebc ./Drivers/STM32L1xx_HAL_Driver/Src/stm32l1xx_hal_tim.o
 .debug_line    0x0000000000011037     0x1ae7 ./Drivers/STM32L1xx_HAL_Driver/Src/stm32l1xx_hal_uart.o

.debug_str      0x0000000000000000    0x89715
 .debug_str     0x0000000000000000    0x857f1 ./Core/Src/main.o
                                      0x85f53 (size before relaxing)
 .debug_str     0x00000000000857f1       0xf2 ./Core/Src/memory_control.o
                                      0x84afc (size before relaxing)
 .debug_str     0x00000000000858e3      0x5e0 ./Core/Src/stm32l1xx_hal_msp.o
                                      0x852c2 (size before relaxing)
 .debug_str     0x0000000000085ec3       0xfd ./Core/Src/stm32l1xx_it.o
                                      0x8441f (size before relaxing)
 .debug_str     0x0000000000085fc0       0x99 ./Core/Src/system_stm32l1xx.o
                                      0x83bc6 (size before relaxing)
 .debug_str     0x0000000000086059       0x37 ./Core/Startup/startup_stm32l151r6txa.o
                                         0x81 (size before relaxing)
 .debug_str     0x0000000000086090      0x2fc ./Drivers/STM32L1xx_HAL_Driver/Src/stm32l1xx_hal.o
                                      0x8424b (size before relaxing)
 .debug_str     0x000000000008638c      0x356 ./Drivers/STM32L1xx_HAL_Driver/Src/stm32l1xx_hal_adc.o
                                      0x84351 (size before relaxing)
 .debug_str     0x00000000000866e2      0x3ac ./Drivers/STM32L1xx_HAL_Driver/Src/stm32l1xx_hal_cortex.o
                                      0x84325 (size before relaxing)
 .debug_str     0x0000000000086a8e      0x11b ./Drivers/STM32L1xx_HAL_Driver/Src/stm32l1xx_hal_gpio.o
                                      0x83d59 (size before relaxing)
 .debug_str     0x0000000000086ba9      0xad7 ./Drivers/STM32L1xx_HAL_Driver/Src/stm32l1xx_hal_i2c.o
                                      0x84be4 (size before relaxing)
 .debug_str     0x0000000000087680      0x21f ./Drivers/STM32L1xx_HAL_Driver/Src/stm32l1xx_hal_pwr.o
                                      0x83e5a (size before relaxing)
 .debug_str     0x000000000008789f      0x24f ./Drivers/STM32L1xx_HAL_Driver/Src/stm32l1xx_hal_rcc.o
                                      0x84067 (size before relaxing)
 .debug_str     0x0000000000087aee      0x116 ./Drivers/STM32L1xx_HAL_Driver/Src/stm32l1xx_hal_rcc_ex.o
                                      0x83d57 (size before relaxing)
 .debug_str     0x0000000000087c04      0x28e ./Drivers/STM32L1xx_HAL_Driver/Src/stm32l1xx_hal_rtc.o
                                      0x840e6 (size before relaxing)
 .debug_str     0x0000000000087e92      0x514 ./Drivers/STM32L1xx_HAL_Driver/Src/stm32l1xx_hal_rtc_ex.o
                                      0x843d8 (size before relaxing)
 .debug_str     0x00000000000883a6      0xd98 ./Drivers/STM32L1xx_HAL_Driver/Src/stm32l1xx_hal_tim.o
                                      0x84eb2 (size before relaxing)
 .debug_str     0x000000000008913e      0x5d7 ./Drivers/STM32L1xx_HAL_Driver/Src/stm32l1xx_hal_uart.o
                                      0x845c5 (size before relaxing)

.comment        0x0000000000000000       0x50
 .comment       0x0000000000000000       0x50 ./Core/Src/main.o
                                         0x51 (size before relaxing)
 .comment       0x0000000000000050       0x51 ./Core/Src/memory_control.o
 .comment       0x0000000000000050       0x51 ./Core/Src/stm32l1xx_hal_msp.o
 .comment       0x0000000000000050       0x51 ./Core/Src/stm32l1xx_it.o
 .comment       0x0000000000000050       0x51 ./Core/Src/system_stm32l1xx.o
 .comment       0x0000000000000050       0x51 ./Drivers/STM32L1xx_HAL_Driver/Src/stm32l1xx_hal.o
 .comment       0x0000000000000050       0x51 ./Drivers/STM32L1xx_HAL_Driver/Src/stm32l1xx_hal_adc.o
 .comment       0x0000000000000050       0x51 ./Drivers/STM32L1xx_HAL_Driver/Src/stm32l1xx_hal_cortex.o
 .comment       0x0000000000000050       0x51 ./Drivers/STM32L1xx_HAL_Driver/Src/stm32l1xx_hal_gpio.o
 .comment       0x0000000000000050       0x51 ./Drivers/STM32L1xx_HAL_Driver/Src/stm32l1xx_hal_i2c.o
 .comment       0x0000000000000050       0x51 ./Drivers/STM32L1xx_HAL_Driver/Src/stm32l1xx_hal_pwr.o
 .comment       0x0000000000000050       0x51 ./Drivers/STM32L1xx_HAL_Driver/Src/stm32l1xx_hal_rcc.o
 .comment       0x0000000000000050       0x51 ./Drivers/STM32L1xx_HAL_Driver/Src/stm32l1xx_hal_rcc_ex.o
 .comment       0x0000000000000050       0x51 ./Drivers/STM32L1xx_HAL_Driver/Src/stm32l1xx_hal_rtc.o
 .comment       0x0000000000000050       0x51 ./Drivers/STM32L1xx_HAL_Driver/Src/stm32l1xx_hal_rtc_ex.o
 .comment       0x0000000000000050       0x51 ./Drivers/STM32L1xx_HAL_Driver/Src/stm32l1xx_hal_tim.o
 .comment       0x0000000000000050       0x51 ./Drivers/STM32L1xx_HAL_Driver/Src/stm32l1xx_hal_uart.o

.debug_frame    0x0000000000000000     0x4abc
 .debug_frame   0x0000000000000000      0x17c ./Core/Src/main.o
 .debug_frame   0x000000000000017c      0x20c ./Core/Src/memory_control.o
 .debug_frame   0x0000000000000388      0x1a8 ./Core/Src/stm32l1xx_hal_msp.o
 .debug_frame   0x0000000000000530      0x120 ./Core/Src/stm32l1xx_it.o
 .debug_frame   0x0000000000000650       0x58 ./Core/Src/system_stm32l1xx.o
 .debug_frame   0x00000000000006a8      0x33c ./Drivers/STM32L1xx_HAL_Driver/Src/stm32l1xx_hal.o
 .debug_frame   0x00000000000009e4      0x40c ./Drivers/STM32L1xx_HAL_Driver/Src/stm32l1xx_hal_adc.o
 .debug_frame   0x0000000000000df0      0x498 ./Drivers/STM32L1xx_HAL_Driver/Src/stm32l1xx_hal_cortex.o
 .debug_frame   0x0000000000001288      0x14c ./Drivers/STM32L1xx_HAL_Driver/Src/stm32l1xx_hal_gpio.o
 .debug_frame   0x00000000000013d4      0xc5c ./Drivers/STM32L1xx_HAL_Driver/Src/stm32l1xx_hal_i2c.o
 .debug_frame   0x0000000000002030      0x274 ./Drivers/STM32L1xx_HAL_Driver/Src/stm32l1xx_hal_pwr.o
 .debug_frame   0x00000000000022a4      0x224 ./Drivers/STM32L1xx_HAL_Driver/Src/stm32l1xx_hal_rcc.o
 .debug_frame   0x00000000000024c8      0x120 ./Drivers/STM32L1xx_HAL_Driver/Src/stm32l1xx_hal_rcc_ex.o
 .debug_frame   0x00000000000025e8      0x3d0 ./Drivers/STM32L1xx_HAL_Driver/Src/stm32l1xx_hal_rtc.o
 .debug_frame   0x00000000000029b8      0x590 ./Drivers/STM32L1xx_HAL_Driver/Src/stm32l1xx_hal_rtc_ex.o
 .debug_frame   0x0000000000002f48     0x11b4 ./Drivers/STM32L1xx_HAL_Driver/Src/stm32l1xx_hal_tim.o
 .debug_frame   0x00000000000040fc      0x914 ./Drivers/STM32L1xx_HAL_Driver/Src/stm32l1xx_hal_uart.o
 .debug_frame   0x0000000000004a10       0x2c /Applications/STM32CubeIDE.app/Contents/Eclipse/plugins/com.st.stm32cube.ide.mcu.externaltools.gnu-tools-for-stm32.10.3-2021.10.macos64_1.0.0.202111181127/tools/bin/../lib/gcc/arm-none-eabi/10.3.1/../../../../arm-none-eabi/lib/thumb/v7-m/nofp/libc_nano.a(lib_a-init.o)
 .debug_frame   0x0000000000004a3c       0x20 /Applications/STM32CubeIDE.app/Contents/Eclipse/plugins/com.st.stm32cube.ide.mcu.externaltools.gnu-tools-for-stm32.10.3-2021.10.macos64_1.0.0.202111181127/tools/bin/../lib/gcc/arm-none-eabi/10.3.1/../../../../arm-none-eabi/lib/thumb/v7-m/nofp/libc_nano.a(lib_a-memset.o)
 .debug_frame   0x0000000000004a5c       0x2c /Applications/STM32CubeIDE.app/Contents/Eclipse/plugins/com.st.stm32cube.ide.mcu.externaltools.gnu-tools-for-stm32.10.3-2021.10.macos64_1.0.0.202111181127/tools/bin/../lib/gcc/arm-none-eabi/10.3.1/thumb/v7-m/nofp/libgcc.a(_aeabi_uldivmod.o)
 .debug_frame   0x0000000000004a88       0x34 /Applications/STM32CubeIDE.app/Contents/Eclipse/plugins/com.st.stm32cube.ide.mcu.externaltools.gnu-tools-for-stm32.10.3-2021.10.macos64_1.0.0.202111181127/tools/bin/../lib/gcc/arm-none-eabi/10.3.1/thumb/v7-m/nofp/libgcc.a(_udivmoddi4.o)
