../Drivers/STM32L1xx_HAL_Driver/Src/stm32l1xx_hal_i2c.c:7464:26:I2C_IsAcknowledgeFailed	0	static
../Drivers/STM32L1xx_HAL_Driver/Src/stm32l1xx_hal_i2c.c:7178:26:I2C_WaitOnFlagUntilTimeout	32	static
../Drivers/STM32L1xx_HAL_Driver/Src/stm32l1xx_hal_i2c.c:7215:26:I2C_WaitOnMasterAddressFlagUntilTimeout	24	static
../Drivers/STM32L1xx_HAL_Driver/Src/stm32l1xx_hal_i2c.c:7269:26:I2C_WaitOnTXEFlagUntilTimeout	16	static
../Drivers/STM32L1xx_HAL_Driver/Src/stm32l1xx_hal_i2c.c:6713:26:I2C_RequestMemoryWrite	48	static
../Drivers/STM32L1xx_HAL_Driver/Src/stm32l1xx_hal_i2c.c:6793:26:I2C_RequestMemoryRead	48	static
../Drivers/STM32L1xx_HAL_Driver/Src/stm32l1xx_hal_i2c.c:7310:26:I2C_WaitOnBTFFlagUntilTimeout	16	static
../Drivers/STM32L1xx_HAL_Driver/Src/stm32l1xx_hal_i2c.c:7416:26:I2C_WaitOnRXNEFlagUntilTimeout	16	static
../Drivers/STM32L1xx_HAL_Driver/Src/stm32l1xx_hal_i2c.c:606:13:HAL_I2C_MspInit	0	static
../Drivers/STM32L1xx_HAL_Driver/Src/stm32l1xx_hal_i2c.c:445:19:HAL_I2C_Init	16	static
../Drivers/STM32L1xx_HAL_Driver/Src/stm32l1xx_hal_i2c.c:622:13:HAL_I2C_MspDeInit	0	static
../Drivers/STM32L1xx_HAL_Driver/Src/stm32l1xx_hal_i2c.c:560:19:HAL_I2C_DeInit	8	static
../Drivers/STM32L1xx_HAL_Driver/Src/stm32l1xx_hal_i2c.c:1056:19:HAL_I2C_Master_Transmit	48	static
../Drivers/STM32L1xx_HAL_Driver/Src/stm32l1xx_hal_i2c.c:1177:19:HAL_I2C_Master_Receive	64	static
../Drivers/STM32L1xx_HAL_Driver/Src/stm32l1xx_hal_i2c.c:1428:19:HAL_I2C_Slave_Transmit	48	static
../Drivers/STM32L1xx_HAL_Driver/Src/stm32l1xx_hal_i2c.c:1558:19:HAL_I2C_Slave_Receive	48	static
../Drivers/STM32L1xx_HAL_Driver/Src/stm32l1xx_hal_i2c.c:1679:19:HAL_I2C_Master_Transmit_IT	24	static
../Drivers/STM32L1xx_HAL_Driver/Src/stm32l1xx_hal_i2c.c:1756:19:HAL_I2C_Master_Receive_IT	24	static
../Drivers/STM32L1xx_HAL_Driver/Src/stm32l1xx_hal_i2c.c:1836:19:HAL_I2C_Slave_Transmit_IT	8	static
../Drivers/STM32L1xx_HAL_Driver/Src/stm32l1xx_hal_i2c.c:1898:19:HAL_I2C_Slave_Receive_IT	8	static
../Drivers/STM32L1xx_HAL_Driver/Src/stm32l1xx_hal_i2c.c:1962:19:HAL_I2C_Master_Transmit_DMA	32	static
../Drivers/STM32L1xx_HAL_Driver/Src/stm32l1xx_hal_i2c.c:2115:19:HAL_I2C_Master_Receive_DMA	24	static
../Drivers/STM32L1xx_HAL_Driver/Src/stm32l1xx_hal_i2c.c:2266:19:HAL_I2C_Slave_Transmit_DMA	24	static
../Drivers/STM32L1xx_HAL_Driver/Src/stm32l1xx_hal_i2c.c:2378:19:HAL_I2C_Slave_Receive_DMA	24	static
../Drivers/STM32L1xx_HAL_Driver/Src/stm32l1xx_hal_i2c.c:2495:19:HAL_I2C_Mem_Write	40	static
../Drivers/STM32L1xx_HAL_Driver/Src/stm32l1xx_hal_i2c.c:2618:19:HAL_I2C_Mem_Read	56	static
../Drivers/STM32L1xx_HAL_Driver/Src/stm32l1xx_hal_i2c.c:2865:19:HAL_I2C_Mem_Write_IT	24	static
../Drivers/STM32L1xx_HAL_Driver/Src/stm32l1xx_hal_i2c.c:2950:19:HAL_I2C_Mem_Read_IT	32	static
../Drivers/STM32L1xx_HAL_Driver/Src/stm32l1xx_hal_i2c.c:3041:19:HAL_I2C_Mem_Write_DMA	48	static
../Drivers/STM32L1xx_HAL_Driver/Src/stm32l1xx_hal_i2c.c:3221:19:HAL_I2C_Mem_Read_DMA	56	static
../Drivers/STM32L1xx_HAL_Driver/Src/stm32l1xx_hal_i2c.c:3415:19:HAL_I2C_IsDeviceReady	56	static
../Drivers/STM32L1xx_HAL_Driver/Src/stm32l1xx_hal_i2c.c:3551:19:HAL_I2C_Master_Seq_Transmit_IT	32	static
../Drivers/STM32L1xx_HAL_Driver/Src/stm32l1xx_hal_i2c.c:3646:19:HAL_I2C_Master_Seq_Transmit_DMA	32	static
../Drivers/STM32L1xx_HAL_Driver/Src/stm32l1xx_hal_i2c.c:3826:19:HAL_I2C_Master_Seq_Receive_IT	32	static
../Drivers/STM32L1xx_HAL_Driver/Src/stm32l1xx_hal_i2c.c:3947:19:HAL_I2C_Master_Seq_Receive_DMA	32	static
../Drivers/STM32L1xx_HAL_Driver/Src/stm32l1xx_hal_i2c.c:4162:19:HAL_I2C_Slave_Seq_Transmit_IT	24	static
../Drivers/STM32L1xx_HAL_Driver/Src/stm32l1xx_hal_i2c.c:4228:19:HAL_I2C_Slave_Seq_Transmit_DMA	40	static
../Drivers/STM32L1xx_HAL_Driver/Src/stm32l1xx_hal_i2c.c:4402:19:HAL_I2C_Slave_Seq_Receive_IT	24	static
../Drivers/STM32L1xx_HAL_Driver/Src/stm32l1xx_hal_i2c.c:4468:19:HAL_I2C_Slave_Seq_Receive_DMA	40	static
../Drivers/STM32L1xx_HAL_Driver/Src/stm32l1xx_hal_i2c.c:4638:19:HAL_I2C_EnableListen_IT	0	static
../Drivers/STM32L1xx_HAL_Driver/Src/stm32l1xx_hal_i2c.c:4671:19:HAL_I2C_DisableListen_IT	0	static
../Drivers/STM32L1xx_HAL_Driver/Src/stm32l1xx_hal_i2c.c:5014:13:HAL_I2C_MasterTxCpltCallback	0	static
../Drivers/STM32L1xx_HAL_Driver/Src/stm32l1xx_hal_i2c.c:5030:13:HAL_I2C_MasterRxCpltCallback	0	static
../Drivers/STM32L1xx_HAL_Driver/Src/stm32l1xx_hal_i2c.c:5045:13:HAL_I2C_SlaveTxCpltCallback	0	static
../Drivers/STM32L1xx_HAL_Driver/Src/stm32l1xx_hal_i2c.c:5061:13:HAL_I2C_SlaveRxCpltCallback	0	static
../Drivers/STM32L1xx_HAL_Driver/Src/stm32l1xx_hal_i2c.c:5079:13:HAL_I2C_AddrCallback	0	static
../Drivers/STM32L1xx_HAL_Driver/Src/stm32l1xx_hal_i2c.c:5097:13:HAL_I2C_ListenCpltCallback	0	static
../Drivers/STM32L1xx_HAL_Driver/Src/stm32l1xx_hal_i2c.c:5113:13:HAL_I2C_MemTxCpltCallback	0	static
../Drivers/STM32L1xx_HAL_Driver/Src/stm32l1xx_hal_i2c.c:5415:13:I2C_MemoryTransmit_TXE_BTF	8	static
../Drivers/STM32L1xx_HAL_Driver/Src/stm32l1xx_hal_i2c.c:5129:13:HAL_I2C_MemRxCpltCallback	0	static
../Drivers/STM32L1xx_HAL_Driver/Src/stm32l1xx_hal_i2c.c:5145:13:HAL_I2C_ErrorCallback	0	static
../Drivers/STM32L1xx_HAL_Driver/Src/stm32l1xx_hal_i2c.c:7040:13:I2C_DMAError	8	static
../Drivers/STM32L1xx_HAL_Driver/Src/stm32l1xx_hal_i2c.c:6902:13:I2C_DMAXferCplt	16	static
../Drivers/STM32L1xx_HAL_Driver/Src/stm32l1xx_hal_i2c.c:5161:13:HAL_I2C_AbortCpltCallback	0	static
../Drivers/STM32L1xx_HAL_Driver/Src/stm32l1xx_hal_i2c.c:7075:13:I2C_DMAAbort	24	static
../Drivers/STM32L1xx_HAL_Driver/Src/stm32l1xx_hal_i2c.c:6377:13:I2C_ITError	8	static
../Drivers/STM32L1xx_HAL_Driver/Src/stm32l1xx_hal_i2c.c:4706:19:HAL_I2C_Master_Abort_IT	8	static
../Drivers/STM32L1xx_HAL_Driver/Src/stm32l1xx_hal_i2c.c:4765:6:HAL_I2C_EV_IRQHandler	80	static
../Drivers/STM32L1xx_HAL_Driver/Src/stm32l1xx_hal_i2c.c:4934:6:HAL_I2C_ER_IRQHandler	24	static
../Drivers/STM32L1xx_HAL_Driver/Src/stm32l1xx_hal_i2c.c:5196:22:HAL_I2C_GetState	0	static
../Drivers/STM32L1xx_HAL_Driver/Src/stm32l1xx_hal_i2c.c:5208:21:HAL_I2C_GetMode	0	static
../Drivers/STM32L1xx_HAL_Driver/Src/stm32l1xx_hal_i2c.c:5219:10:HAL_I2C_GetError	0	static
