../Core/Src/main.cpp:73:6:void stop_for_ms(uint32_t)	16	static
../Core/Src/main.cpp:88:6:void standby_for_ms(uint32_t)	16	static
../Core/Src/main.cpp:119:5:int main()	32	static
../Core/Src/main.cpp:305:6:void SystemClock_Config()	88	static
../Core/Src/main.cpp:354:13:void MX_ADC_Init()	24	static
../Core/Src/main.cpp:406:13:void MX_I2C1_Init()	8	static
../Core/Src/main.cpp:438:13:void MX_RTC_Init()	32	static
../Core/Src/main.cpp:504:13:void MX_TIM10_Init()	24	static
../Core/Src/main.cpp:539:13:void MX_USART1_UART_Init()	8	static
../Core/Src/main.cpp:570:13:void MX_GPIO_Init()	40	static
../Core/Src/main.cpp:651:6:void Error_Handler()	4	static,ignoring_inline_asm
