../Core/Src/main.cpp:76:6:void stop_for_ms(uint32_t)	16	static
../Core/Src/main.cpp:90:6:void standby_for_ms(uint32_t)	16	static
../Core/Src/main.cpp:120:5:int main()	40	static
../Core/Src/main.cpp:219:6:void SystemClock_Config()	88	static
../Core/Src/main.cpp:271:13:void MX_ADC_Init()	24	static
../Core/Src/main.cpp:326:13:void MX_I2C1_Init()	8	static
../Core/Src/main.cpp:360:13:void MX_RTC_Init()	32	static
../Core/Src/main.cpp:430:13:void MX_TIM10_Init()	24	static
../Core/Src/main.cpp:468:13:void MX_USART1_UART_Init()	8	static
../Core/Src/main.cpp:501:13:void MX_GPIO_Init()	40	static
../Core/Src/main.cpp:578:6:void Error_Handler()	4	static,ignoring_inline_asm
