../Core/Src/memory_control.cpp:13:6:void delay_us(uint16_t)	16	static
../Core/Src/memory_control.cpp:20:6:void Set_IO_Outputs()	8	static
../Core/Src/memory_control.cpp:28:6:void Set_IO_Inputs()	8	static
../Core/Src/memory_control.cpp:36:12:int hammingDistance(int, int)	24	static
../Core/Src/memory_control.cpp:47:1:MemoryController::MemoryController(GPIO_TypeDef*, uint16_t)	24	static
../Core/Src/memory_control.cpp:54:6:void MemoryController::set_CE(GPIO_TypeDef*, uint16_t)	24	static
../Core/Src/memory_control.cpp:59:6:void MemoryController::write(uint32_t, uint8_t)	24	static
../Core/Src/memory_control.cpp:86:9:uint8_t MemoryController::read(uint32_t)	24	static
../Core/Src/memory_control.cpp:114:13:void MemoryController::set_addr(uint32_t)	16	static
../Core/Src/memory_control.cpp:119:6:void MemoryController::clear()	16	static
../Core/Src/memory_control.cpp:124:6:void MemoryController::flood(uint8_t)	32	static
../Core/Src/memory_control.cpp:158:10:uint32_t MemoryController::check_for(uint8_t)	32	static
../Core/Src/memory_control.cpp:198:6:void MemoryController::enable()	16	static
../Core/Src/memory_control.cpp:204:6:void MemoryController::disable()	16	static
